###############################################################################
#
# IAR ELF Linker V9.30.1.335/W64 for ARM                  20/Jun/2025  22:37:37
# Copyright 2007-2022 IAR Systems AB.
#
#    Output file  =
#        D:\RtosWrapper\minor-labs\repo\RtosWrapper\Debug\Exe\iarproject.out
#    Map file     =
#        D:\RtosWrapper\minor-labs\repo\RtosWrapper\Debug\List\iarproject.map
#    Command line =
#        -f
#        D:\RtosWrapper\minor-labs\repo\RtosWrapper\Debug\Exe\iarproject.out.rsp
#        (D:\RtosWrapper\minor-labs\repo\RtosWrapper\Debug\Obj\MyTasks\ButtonTask.o
#        D:\RtosWrapper\minor-labs\repo\RtosWrapper\Debug\Obj\Rtos\FreeRtos\croutine.o
#        D:\RtosWrapper\minor-labs\repo\RtosWrapper\Debug\Obj\Rtos\FreeRtos\event_groups.o
#        D:\RtosWrapper\minor-labs\repo\RtosWrapper\Debug\Obj\MyTasks\LedManagerTask.o
#        D:\RtosWrapper\minor-labs\repo\RtosWrapper\Debug\Obj\Rtos\FreeRtos\list.o
#        D:\RtosWrapper\minor-labs\repo\RtosWrapper\Debug\Obj\main.o
#        D:\RtosWrapper\minor-labs\repo\RtosWrapper\Debug\Obj\MyTasks\MeasureTask.o
#        D:\RtosWrapper\minor-labs\repo\RtosWrapper\Debug\Obj\Rtos\FreeRtos\portable\IAR\ARM_CM4F\port.o
#        D:\RtosWrapper\minor-labs\repo\RtosWrapper\Debug\Obj\Rtos\FreeRtos\portable\IAR\ARM_CM4F\portasm.o
#        D:\RtosWrapper\minor-labs\repo\RtosWrapper\Debug\Obj\Rtos\FreeRtos\queue.o
#        D:\RtosWrapper\minor-labs\repo\RtosWrapper\Debug\Obj\startupF411RE.o
#        D:\RtosWrapper\minor-labs\repo\RtosWrapper\Debug\Obj\Rtos\FreeRtos\tasks.o
#        D:\RtosWrapper\minor-labs\repo\RtosWrapper\Debug\Obj\Application\Implementation\TemperatureFilter.o
#        D:\RtosWrapper\minor-labs\repo\RtosWrapper\Debug\Obj\Rtos\FreeRtos\timers.o
#        --no_out_extension -o
#        D:\RtosWrapper\minor-labs\repo\RtosWrapper\Debug\Exe\iarproject.out
#        --map
#        D:\RtosWrapper\minor-labs\repo\RtosWrapper\Debug\List\iarproject.map
#        --log
#        libraries,initialization,modules,redirects,sections,veneers,unused_fragments,call_graph
#        --log_file
#        D:\RtosWrapper\minor-labs\repo\RtosWrapper\Debug\List\iarproject.log
#        --config D:\RtosWrapper\minor-labs\repo\RtosWrapper\stm32f411xE.icf
#        --semihosting --entry __iar_program_start --vfe --text_out locale
#        --cpu=Cortex-M4 --fpu=VFPv4_sp)
#
###############################################################################

*******************************************************************************
*** RUNTIME MODEL ATTRIBUTES
***

CppFlavor                     = *
__CPP_Exceptions              = Disabled
__CPP_Language                = C++14
__CPP_Library                 = DLib
__CPP_Runtime                 = 1
__Heap_Handler                = Basic
__SystemLibrary               = DLib
__dlib_dynamic_initialization = normal
__dlib_version                = 6


*******************************************************************************
*** HEAP SELECTION
***

The basic heap was selected because --advanced_heap
was not specified and the application did not appear to
be primarily optimized for speed.


*******************************************************************************
*** PLACEMENT SUMMARY
***

"A0":  place at address 0x800'0000 { ro section .intvec };
"P1":  place in [from 0x800'0000 to 0x807'ffff] { ro };
define block CSTACK with size = 4K, alignment = 8 { };
define block HEAP with size = 4K, alignment = 8 { };
"P2":  place in [from 0x2000'0000 to 0x2001'ffff] {
          rw, block CSTACK, block HEAP };
initialize by copy { rw };

  Section                Kind         Address    Size  Object
  -------                ----         -------    ----  ------
"A0":                                           0x198
  .intvec                const     0x800'0000   0x198  startupF411RE.o [1]
                                 - 0x800'0198   0x198

"P1":                                          0x5db4
  .text                  ro code   0x800'0198   0xe8e  xprintffull_nomb.o [6]
  .text                  ro code   0x800'1026    0x2a  copy_init3.o [10]
  .text                  ro code   0x800'1050    0x16  strchr.o [10]
  .text                  ro code   0x800'1066     0xa  xsprout.o [6]
  .text                  ro code   0x800'1070    0x40  xfail_s.o [6]
  .text                  ro code   0x800'10b0    0x36  strlen.o [10]
  .text                  ro code   0x800'10e6     0x6  iostream_cout.o [7]
  .text                  ro code   0x800'10ec    0x58  memchr.o [10]
  .text                  ro code   0x800'1144    0xa6  ABImemcpy.o [10]
  .rodata                const     0x800'11ea     0x2  MeasureTask.o [3]
  .text                  ro code   0x800'11ec    0x70  frexp.o [9]
  .text                  ro code   0x800'125c    0x34  DblCmpLe.o [9]
  .text                  ro code   0x800'1290    0x34  DblCmpGe.o [9]
  .text                  ro code   0x800'12c4   0x13a  ldexp.o [9]
  .text                  ro code   0x800'13fe     0x2  iostream_cout.o [7]
  .text                  ro code   0x800'1400    0x36  DblToS32.o [9]
  .text                  ro code   0x800'1436     0x2  iostream_cout.o [7]
  .text                  ro code   0x800'1438    0x22  S32ToDbl.o [9]
  .rodata                zero      0x800'145a     0x1  main.o [1]
  .rodata                const     0x800'145b     0x1  MeasureTask.o [3]
  .text                  ro code   0x800'145c   0x24e  DblAddSub.o [9]
  .rodata                zero      0x800'16aa     0x1  MeasureTask.o [3]
  .rodata                zero      0x800'16ab     0x1  MeasureTask.o [3]
  .text                  ro code   0x800'16ac   0x246  DblDiv.o [9]
  .rodata                const     0x800'18f2     0x1  unwind_debug.o [11]
  .text                  ro code   0x800'18f4    0x22  DblToU32.o [9]
  .text                  ro code   0x800'1918    0x1c  U32ToDbl.o [9]
  .text                  ro code   0x800'1934   0x1aa  DblMul.o [9]
  .text                  ro code   0x800'1ae0   0x274  I64DivMod.o [10]
  .text                  ro code   0x800'1d54     0x6  abort.o [6]
  .text                  ro code   0x800'1d5c     0x2  I64DivZer.o [10]
  .text                  ro code   0x800'1d60    0x14  exit.o [11]
  .text                  ro code   0x800'1d74    0x7c  iarttio.o [11]
  .text                  ro code   0x800'1df0     0x8  XShttio.o [6]
  .text                  ro code   0x800'1df8   0x824  tasks.o [4]
  .text                  ro code   0x800'261c    0x98  list.o [4]
  .text                  ro code   0x800'26b4   0x160  port.o [5]
  .text                  ro code   0x800'2814   0x394  timers.o [4]
  .text                  ro code   0x800'2ba8    0x24  port.o [5]
  CODE                   ro code   0x800'2bcc    0xa8  portasm.o [5]
  .text                  ro code   0x800'2c74   0x642  queue.o [4]
  .text                  ro code   0x800'32b8   0x2ac  MeasureTask.o [3]
  .text                  ro code   0x800'3564     0x4  MeasureTask.o [3]
  .text                  ro code   0x800'3568     0x6  MeasureTask.o [3]
  .text                  ro code   0x800'356e    0x22  strcspn.o [6]
  .text                  ro code   0x800'3590    0x20  MeasureTask.o [3]
  .text                  ro code   0x800'35b0     0x6  MeasureTask.o [3]
  .text                  ro code   0x800'35b6    0x2a  MeasureTask.o [3]
  .text                  ro code   0x800'35e0     0xc  MeasureTask.o [3]
  .text                  ro code   0x800'35ec    0x12  MeasureTask.o [3]
  .text                  ro code   0x800'3600    0x30  MeasureTask.o [3]
  .text                  ro code   0x800'3630     0xa  MeasureTask.o [3]
  .text                  ro code   0x800'363a     0xa  MeasureTask.o [3]
  .text                  ro code   0x800'3644    0x96  MeasureTask.o [3]
  .text                  ro code   0x800'36da     0xa  MeasureTask.o [3]
  .text                  ro code   0x800'36e4     0xc  MeasureTask.o [3]
  .text                  ro code   0x800'36f0     0xa  MeasureTask.o [3]
  .text                  ro code   0x800'36fa     0x4  MeasureTask.o [3]
  .text                  ro code   0x800'36fe    0x2e  MeasureTask.o [3]
  .text                  ro code   0x800'372c    0x2e  MeasureTask.o [3]
  .text                  ro code   0x800'375a     0x8  MeasureTask.o [3]
  .text                  ro code   0x800'3762    0x12  MeasureTask.o [3]
  .text                  ro code   0x800'3774    0x18  MeasureTask.o [3]
  .text                  ro code   0x800'378c     0x8  MeasureTask.o [3]
  .text                  ro code   0x800'3794    0x7a  MeasureTask.o [3]
  .text                  ro code   0x800'380e    0x3a  MeasureTask.o [3]
  .text                  ro code   0x800'3848     0xc  MeasureTask.o [3]
  .text                  ro code   0x800'3854    0x18  MeasureTask.o [3]
  .text                  ro code   0x800'386c     0xa  cxxabi.o [8]
  .text                  ro code   0x800'3876     0xa  MeasureTask.o [3]
  .text                  ro code   0x800'3880    0x7a  MeasureTask.o [3]
  .text                  ro code   0x800'38fa     0xe  MeasureTask.o [3]
  .text                  ro code   0x800'3908    0x2a  MeasureTask.o [3]
  .text                  ro code   0x800'3932    0x28  MeasureTask.o [3]
  .text                  ro code   0x800'395a     0xc  MeasureTask.o [3]
  .text                  ro code   0x800'3966     0xa  MeasureTask.o [3]
  .text                  ro code   0x800'3970     0x2  MeasureTask.o [3]
  .text                  ro code   0x800'3972    0x2e  MeasureTask.o [3]
  .text                  ro code   0x800'39a0     0x2  MeasureTask.o [3]
  .text                  ro code   0x800'39a2     0x8  MeasureTask.o [3]
  .text                  ro code   0x800'39ac    0x18  MeasureTask.o [3]
  .text                  ro code   0x800'39c4     0xa  MeasureTask.o [3]
  .text                  ro code   0x800'39ce     0x8  MeasureTask.o [3]
  .text                  ro code   0x800'39d6     0x8  MeasureTask.o [3]
  .text                  ro code   0x800'39de     0x8  MeasureTask.o [3]
  .text                  ro code   0x800'39e8    0x10  MeasureTask.o [3]
  .text                  ro code   0x800'39f8     0xe  MeasureTask.o [3]
  .text                  ro code   0x800'3a06     0x8  MeasureTask.o [3]
  .text                  ro code   0x800'3a0e     0x8  MeasureTask.o [3]
  .text                  ro code   0x800'3a16    0x12  MeasureTask.o [3]
  .text                  ro code   0x800'3a28     0x8  MeasureTask.o [3]
  .text                  ro code   0x800'3a30    0xa0  cppinit.o [6]
  .text                  ro code   0x800'3ad0    0x18  MeasureTask.o [3]
  .text                  ro code   0x800'3ae8    0xd6  MeasureTask.o [3]
  .text                  ro code   0x800'3bc0    0x96  ABImemmove.o [10]
  .text                  ro code   0x800'3c56     0x6  MeasureTask.o [3]
  .text                  ro code   0x800'3c5c    0x10  MeasureTask.o [3]
  .text                  ro code   0x800'3c6c     0x8  MeasureTask.o [3]
  .text                  ro code   0x800'3c74    0x12  MeasureTask.o [3]
  .text                  ro code   0x800'3c86    0x32  MeasureTask.o [3]
  .text                  ro code   0x800'3cb8    0x12  MeasureTask.o [3]
  .text                  ro code   0x800'3ccc     0xc  MeasureTask.o [3]
  .text                  ro code   0x800'3cd8    0x1c  MeasureTask.o [3]
  .text                  ro code   0x800'3cf4     0x2  MeasureTask.o [3]
  .text                  ro code   0x800'3cf6     0x8  MeasureTask.o [3]
  .text                  ro code   0x800'3cfe     0x2  MeasureTask.o [3]
  .text                  ro code   0x800'3d00     0xc  MeasureTask.o [3]
  .text                  ro code   0x800'3d0c     0x2  MeasureTask.o [3]
  .text                  ro code   0x800'3d10    0x28  MeasureTask.o [3]
  .text                  ro code   0x800'3d38     0x8  MeasureTask.o [3]
  .text                  ro code   0x800'3d40     0x8  MeasureTask.o [3]
  .text                  ro code   0x800'3d48     0x8  MeasureTask.o [3]
  .text                  ro code   0x800'3d50     0x2  MeasureTask.o [3]
  .text                  ro code   0x800'3d52    0x18  MeasureTask.o [3]
  .text                  ro code   0x800'3d6c    0x66  ABImemset.o [10]
  .text                  ro code   0x800'3dd2     0x2  MeasureTask.o [3]
  .text                  ro code   0x800'3dd4    0x18  MeasureTask.o [3]
  .text                  ro code   0x800'3dec     0xe  MeasureTask.o [3]
  .text                  ro code   0x800'3dfa     0x4  MeasureTask.o [3]
  .text                  ro code   0x800'3dfe     0x2  MeasureTask.o [3]
  .text                  ro code   0x800'3e00     0x8  MeasureTask.o [3]
  .text                  ro code   0x800'3e08     0xa  MeasureTask.o [3]
  .text                  ro code   0x800'3e12     0x2  MeasureTask.o [3]
  .text                  ro code   0x800'3e14     0x8  MeasureTask.o [3]
  .text                  ro code   0x800'3e1c    0x44  MeasureTask.o [3]
  .text                  ro code   0x800'3e60     0x4  MeasureTask.o [3]
  .text                  ro code   0x800'3e64     0x2  MeasureTask.o [3]
  .text                  ro code   0x800'3e66     0x8  MeasureTask.o [3]
  .text                  ro code   0x800'3e6e     0xc  MeasureTask.o [3]
  .text                  ro code   0x800'3e7a     0x2  MeasureTask.o [3]
  .text                  ro code   0x800'3e7c    0x18  MeasureTask.o [3]
  .text                  ro code   0x800'3e94     0x2  MeasureTask.o [3]
  .text                  ro code   0x800'3e96     0xa  delop_0.o [8]
  .text                  ro code   0x800'3ea0    0x34  MeasureTask.o [3]
  .text                  ro code   0x800'3ed4    0x1a  MeasureTask.o [3]
  .text                  ro code   0x800'3eee     0x6  MeasureTask.o [3]
  .text                  ro code   0x800'3ef4    0x12  MeasureTask.o [3]
  .text                  ro code   0x800'3f06    0x20  MeasureTask.o [3]
  .text                  ro code   0x800'3f26     0x4  heaptramp0.o [6]
  .text                  ro code   0x800'3f2c   0x13c  heap0.o [6]
  .text                  ro code   0x800'4068    0x24  newop_0.o [8]
  .text                  ro code   0x800'408c     0x4  MeasureTask.o [3]
  .text                  ro code   0x800'4090    0x2c  xgetmemchunk.o [6]
  .text                  ro code   0x800'40bc     0x4  nomemory.o [8]
  .text                  ro code   0x800'40c0   0x1dc  MeasureTask.o [3]
  .text                  ro code   0x800'429c     0x4  MeasureTask.o [3]
  .text                  ro code   0x800'42a0    0x20  DblCmpEq.o [9]
  .text                  ro code   0x800'42c0    0xfe  MeasureTask.o [3]
  .text                  ro code   0x800'43c0    0x40  sprintf.o [6]
  .text                  ro code   0x800'4400   0x1b2  MeasureTask.o [3]
  .text                  ro code   0x800'45b2     0x8  MeasureTask.o [3]
  .text                  ro code   0x800'45ba    0x72  MeasureTask.o [3]
  .text                  ro code   0x800'462c     0x4  MeasureTask.o [3]
  .text                  ro code   0x800'4630     0x8  MeasureTask.o [3]
  .text                  ro code   0x800'4638     0x6  MeasureTask.o [3]
  .text                  ro code   0x800'463e     0x4  MeasureTask.o [3]
  .text                  ro code   0x800'4642     0xa  MeasureTask.o [3]
  .text                  ro code   0x800'464c    0x28  MeasureTask.o [3]
  .text                  ro code   0x800'4674     0xe  MeasureTask.o [3]
  .text                  ro code   0x800'4682     0x8  MeasureTask.o [3]
  .text                  ro code   0x800'468a    0x14  MeasureTask.o [3]
  .text                  ro code   0x800'469e     0x4  MeasureTask.o [3]
  .text                  ro code   0x800'46a2    0x54  MeasureTask.o [3]
  .text                  ro code   0x800'46f6     0x4  MeasureTask.o [3]
  .text                  ro code   0x800'46fa    0x18  MeasureTask.o [3]
  .text                  ro code   0x800'4712     0x8  MeasureTask.o [3]
  .text                  ro code   0x800'471a    0x28  MeasureTask.o [3]
  .text                  ro code   0x800'4742     0xa  MeasureTask.o [3]
  .text                  ro code   0x800'474c    0x14  MeasureTask.o [3]
  .text                  ro code   0x800'4760   0x100  ios.o [7]
  .text                  ro code   0x800'4860     0x8  MeasureTask.o [3]
  .text                  ro code   0x800'4868    0x54  MeasureTask.o [3]
  .text                  ro code   0x800'48bc     0x8  MeasureTask.o [3]
  .text                  ro code   0x800'48c4     0x4  delop4_0.o [8]
  .text                  ro code   0x800'48c8    0x48  MeasureTask.o [3]
  .text                  ro code   0x800'4910    0x46  MeasureTask.o [3]
  .text                  ro code   0x800'4958    0xf8  main.o [1]
  .text                  ro code   0x800'4a50    0x7c  TemperatureFilter.o [2]
  .text                  ro code   0x800'4acc    0x1e  main.o [1]
  .text                  ro code   0x800'4aec    0x34  main.o [1]
  .text                  ro code   0x800'4b20    0x34  main.o [1]
  .text                  ro code   0x800'4b54    0x28  main.o [1]
  .text                  ro code   0x800'4b7c    0x14  main.o [1]
  .text                  ro code   0x800'4b90    0x18  main.o [1]
  .text                  ro code   0x800'4ba8    0x10  main.o [1]
  .text                  ro code   0x800'4bb8    0x18  main.o [1]
  .text                  ro code   0x800'4bd0    0x14  main.o [1]
  .text                  ro code   0x800'4be4    0x14  main.o [1]
  .text                  ro code   0x800'4bf8    0x14  main.o [1]
  .text                  ro code   0x800'4c0c    0x10  main.o [1]
  .text                  ro code   0x800'4c1c    0x10  main.o [1]
  .text                  ro code   0x800'4c2c    0x14  main.o [1]
  .text                  ro code   0x800'4c40    0x14  main.o [1]
  .text                  ro code   0x800'4c54    0x10  main.o [1]
  .text                  ro code   0x800'4c64    0x14  main.o [1]
  .text                  ro code   0x800'4c78    0x14  main.o [1]
  .text                  ro code   0x800'4c8c    0x1c  main.o [1]
  .text                  ro code   0x800'4ca8    0x24  main.o [1]
  .text                  ro code   0x800'4ccc    0x24  main.o [1]
  .text                  ro code   0x800'4cf0    0x24  main.o [1]
  .text                  ro code   0x800'4d14     0x8  main.o [1]
  .text                  ro code   0x800'4d1c     0x8  TemperatureFilter.o [2]
  .text                  ro code   0x800'4d24     0x6  ABImemclr4.o [10]
  .text                  ro code   0x800'4d2a     0x2  main.o [1]
  .text                  ro code   0x800'4d2c    0x10  main.o [1]
  .text                  ro code   0x800'4d3c     0x8  main.o [1]
  .text                  ro code   0x800'4d44     0x2  main.o [1]
  .text                  ro code   0x800'4d48    0x2c  main.o [1]
  .text                  ro code   0x800'4d74    0x2c  main.o [1]
  .text                  ro code   0x800'4da0    0x2c  main.o [1]
  .text                  ro code   0x800'4dcc     0x8  main.o [1]
  .text                  ro code   0x800'4dd4     0x2  TemperatureFilter.o [2]
  .text                  ro code   0x800'4dd8    0x32  ABImemset48.o [10]
  .text                  ro code   0x800'4e0a     0xe  main.o [1]
  .text                  ro code   0x800'4e18     0x8  main.o [1]
  .text                  ro code   0x800'4e20     0xa  main.o [1]
  .text                  ro code   0x800'4e2c    0xf8  MeasureTask.o [3]
  .text                  ro code   0x800'4f24     0x8  MeasureTask.o [3]
  .text                  ro code   0x800'4f2c     0x8  MeasureTask.o [3]
  .text                  ro code   0x800'4f34     0xc  MeasureTask.o [3]
  .text                  ro code   0x800'4f40     0x8  MeasureTask.o [3]
  .text                  ro code   0x800'4f48    0xba  MeasureTask.o [3]
  .text                  ro code   0x800'5002     0x6  MeasureTask.o [3]
  .text                  ro code   0x800'5008    0x1a  ButtonTask.o [3]
  .text                  ro code   0x800'5024    0x14  MeasureTask.o [3]
  .text                  ro code   0x800'5038    0x14  MeasureTask.o [3]
  .text                  ro code   0x800'504c    0x10  MeasureTask.o [3]
  .text                  ro code   0x800'505c     0xc  MeasureTask.o [3]
  .text                  ro code   0x800'5068    0x20  MeasureTask.o [3]
  .text                  ro code   0x800'5088     0x8  MeasureTask.o [3]
  .text                  ro code   0x800'5090    0x48  FltToDbl.o [9]
  .text                  ro code   0x800'50d8    0x28  MeasureTask.o [3]
  .text                  ro code   0x800'5100     0x4  MeasureTask.o [3]
  .text                  ro code   0x800'5104    0x1c  ButtonTask.o [3]
  .text                  ro code   0x800'5120     0x4  ButtonTask.o [3]
  .text                  ro code   0x800'5124     0x8  ButtonTask.o [3]
  .text                  ro code   0x800'512c    0x18  MeasureTask.o [3]
  .text                  ro code   0x800'5144     0x6  ButtonTask.o [3]
  .text                  ro code   0x800'514a     0x6  ButtonTask.o [3]
  .text                  ro code   0x800'5150     0x8  MeasureTask.o [3]
  .text                  ro code   0x800'5158     0xc  MeasureTask.o [3]
  .text                  ro code   0x800'5164    0x90  iostream_cout.o [7]
  .text                  ro code   0x800'51f4    0x5c  iostream_cout.o [7]
  .text                  ro code   0x800'5250    0x7c  MeasureTask.o [3]
  .text                  ro code   0x800'52cc    0x22  MeasureTask.o [3]
  .text                  ro code   0x800'52ee    0x6c  MeasureTask.o [3]
  .text                  ro code   0x800'535a    0x76  MeasureTask.o [3]
  .text                  ro code   0x800'53d0    0x5e  iostream_cout.o [7]
  .text                  ro code   0x800'542e    0x52  LedManagerTask.o [3]
  .text                  ro code   0x800'5480    0x24  LedManagerTask.o [3]
  .text                  ro code   0x800'54a4    0x18  LedManagerTask.o [3]
  .text                  ro code   0x800'54bc    0x52  MeasureTask.o [3]
  .text                  ro code   0x800'550e    0x32  MeasureTask.o [3]
  .text                  ro code   0x800'5540    0x50  ButtonTask.o [3]
  .text                  ro code   0x800'5590     0x8  ButtonTask.o [3]
  .text                  ro code   0x800'5598    0x24  ABIassert.o [11]
  .text                  ro code   0x800'55bc    0x1a  ButtonTask.o [3]
  Initializer bytes      const     0x800'55d8    0x50  <for P2-1>
  .rodata                const     0x800'5628    0x44  ButtonTask.o [3]
  .rodata                const     0x800'566c    0x44  iostream_cout.o [7]
  .rodata                const     0x800'56b0    0x44  iostream_cout.o [7]
  .text                  ro code   0x800'56f4    0x44  main.o [1]
  .text                  ro code   0x800'5738     0x6  main.o [1]
  .text                  ro code   0x800'5740    0x3c  main.o [1]
  .text                  ro code   0x800'577c    0x14  main.o [1]
  .text                  ro code   0x800'5790    0x14  main.o [1]
  .text                  ro code   0x800'57a4     0x8  main.o [1]
  .text                  ro code   0x800'57ac     0xe  main.o [1]
  .text                  ro code   0x800'57ba    0x14  main.o [1]
  .text                  ro code   0x800'57d0    0x10  main.o [1]
  .text                  ro code   0x800'57e0     0xe  main.o [1]
  .text                  ro code   0x800'57ee     0x4  main.o [1]
  .text                  ro code   0x800'57f2     0x8  main.o [1]
  .text                  ro code   0x800'57fa    0x12  main.o [1]
  .text                  ro code   0x800'580c     0x2  main.o [1]
  .text                  ro code   0x800'580e     0x8  main.o [1]
  .text                  ro code   0x800'5816     0x8  main.o [1]
  .text                  ro code   0x800'581e    0x38  iostream_cout.o [7]
  .text                  ro code   0x800'5856    0x20  putchar.o [6]
  .text                  ro code   0x800'5876    0x10  write.o [11]
  .text                  ro code   0x800'5886    0x1e  dwrite.o [11]
  .text                  ro code   0x800'58a4    0x20  iarwstd.o [11]
  .text                  ro code   0x800'58c4    0x22  iarwrite.o [11]
  .text                  ro code   0x800'58e6    0x38  zero_init3.o [10]
  .rodata                const     0x800'5920    0x30  MeasureTask.o [3]
  .rodata                const     0x800'5950    0x30  MeasureTask.o [3]
  .text                  ro code   0x800'5980    0x2e  MeasureTask.o [3]
  .text                  ro code   0x800'59ae    0x12  MeasureTask.o [3]
  .rodata                const     0x800'59c0    0x2c  MeasureTask.o [3]
  .text                  ro code   0x800'59ec    0x2c  main.o [1]
  .rodata                const     0x800'5a18    0x28  iostream_cout.o [7]
  .text                  ro code   0x800'5a40    0x28  main.o [1]
  .text                  ro code   0x800'5a68     0x6  main.o [1]
  .text                  ro code   0x800'5a70    0x28  main.o [1]
  .text                  ro code   0x800'5a98    0x28  data_init.o [10]
  .rodata                const     0x800'5ac0    0x24  MeasureTask.o [3]
  .rodata                const     0x800'5ae4    0x24  MeasureTask.o [3]
  .text                  ro code   0x800'5b08    0x24  MeasureTask.o [3]
  .text                  ro code   0x800'5b2c    0x18  MeasureTask.o [3]
  .text                  ro code   0x800'5b44    0x22  fpinit_M.o [9]
  .iar.init_table        const     0x800'5b68    0x28  - Linker created -
  .text                  ro code   0x800'5b90    0x20  cmain_call_ctors.o [10]
  .text                  ro code   0x800'5bb0    0x1e  cmain.o [10]
  .text                  ro code   0x800'5bce     0x4  exit.o [6]
  .text                  ro code   0x800'5bd4     0xe  cexit.o [10]
  .rodata                const     0x800'5be4    0x18  MeasureTask.o [3]
  .text                  ro code   0x800'5bfc    0x18  main.o [1]
  .text                  ro code   0x800'5c14    0x18  main.o [1]
  .text                  ro code   0x800'5c2c    0x18  MeasureTask.o [3]
  .text                  ro code   0x800'5c44    0x18  MeasureTask.o [3]
  .rodata                const     0x800'5c5c    0x14  ButtonTask.o [3]
  .rodata                const     0x800'5c70    0x14  main.o [1]
  .rodata                const     0x800'5c84    0x14  MeasureTask.o [3]
  .text                  ro code   0x800'5c98    0x14  main.o [1]
  .text                  ro code   0x800'5cac     0x8  main.o [1]
  .text                  ro code   0x800'5cb4    0x14  iostream_cout.o [7]
  .text                  ro code   0x800'5cc8    0x12  startupF411RE.o [1]
  .rodata                const     0x800'5cdc    0x10  main.o [1]
  .rodata                const     0x800'5cec    0x10  main.o [1]
  .rodata                const     0x800'5cfc    0x10  main.o [1]
  .rodata                const     0x800'5d0c    0x10  main.o [1]
  .rodata                const     0x800'5d1c    0x10  main.o [1]
  .rodata                const     0x800'5d2c    0x10  main.o [1]
  .rodata                const     0x800'5d3c    0x10  main.o [1]
  .rodata                const     0x800'5d4c    0x10  MeasureTask.o [3]
  .rodata                const     0x800'5d5c    0x10  MeasureTask.o [3]
  .rodata                const     0x800'5d6c    0x10  MeasureTask.o [3]
  .rodata                const     0x800'5d7c    0x10  ios.o [7]
  .rodata                const     0x800'5d8c    0x10  iostream_cout.o [7]
  .text                  ro code   0x800'5d9c    0x10  main.o [1]
  .text                  ro code   0x800'5dac    0x10  main.o [1]
  .text                  ro code   0x800'5dbc    0x10  main.o [1]
  .text                  ro code   0x800'5dcc    0x10  main.o [1]
  .text                  ro code   0x800'5ddc    0x10  main.o [1]
  .text                  ro code   0x800'5dec    0x10  main.o [1]
  .text                  ro code   0x800'5dfc    0x10  main.o [1]
  .text                  ro code   0x800'5e0c    0x10  main.o [1]
  .text                  ro code   0x800'5e1c     0xe  main.o [1]
  .text                  ro code   0x800'5e2a     0xa  main.o [1]
  .text                  ro code   0x800'5e34     0xe  MeasureTask.o [3]
  .text                  ro code   0x800'5e42     0x8  MeasureTask.o [3]
  .text                  ro code   0x800'5e4a     0xe  iostream_cout.o [7]
  .rodata                const     0x800'5e58     0xc  ButtonTask.o [3]
  .rodata                const     0x800'5e64     0xc  LedManagerTask.o [3]
  .rodata                const     0x800'5e70     0xc  main.o [1]
  .rodata                const     0x800'5e7c     0xc  main.o [1]
  .rodata                const     0x800'5e88     0xc  main.o [1]
  .rodata                const     0x800'5e94     0xc  MeasureTask.o [3]
  .rodata                const     0x800'5ea0     0xc  TemperatureFilter.o [2]
  SHT$$PREINIT_ARRAY               0x800'5eac     0x4  <Block>
    .preinit_array       const     0x800'5eac     0x4  iostream_cout.o [7]
  SHT$$INIT_ARRAY                  0x800'5eb0     0x8  <Block>
    .init_array          const     0x800'5eb0     0x4  main.o [1]
    .init_array          const     0x800'5eb4     0x4  ios.o [7]
  __iar_tls$$INIT_ARRAY            0x800'5eb8     0x0  <Block>
  .text                  ro code   0x800'5eb8     0xa  MeasureTask.o [3]
  .text                  ro code   0x800'5ec2     0x4  MeasureTask.o [3]
  .rodata                const     0x800'5ec8     0x8  main.o [1]
  .rodata                const     0x800'5ed0     0x8  main.o [1]
  .rodata                const     0x800'5ed8     0x8  main.o [1]
  .rodata                const     0x800'5ee0     0x8  MeasureTask.o [3]
  .rodata                const     0x800'5ee8     0x8  MeasureTask.o [3]
  .rodata                const     0x800'5ef0     0x8  MeasureTask.o [3]
  .rodata                const     0x800'5ef8     0x8  tasks.o [4]
  .rodata                const     0x800'5f00     0x8  timers.o [4]
  .rodata                const     0x800'5f08     0x8  timers.o [4]
  .text                  ro code   0x800'5f10     0x8  main.o [1]
  .text                  ro code   0x800'5f18     0x8  startupF411RE.o [1]
  .text                  ro code   0x800'5f20     0x8  startupF411RE.o [1]
  .text                  ro code   0x800'5f28     0x8  startupF411RE.o [1]
  .text                  ro code   0x800'5f30     0x8  startupF411RE.o [1]
  .rodata                const     0x800'5f38     0x4  MeasureTask.o [3]
  .rodata                const     0x800'5f3c     0x4  MeasureTask.o [3]
  .rodata                const     0x800'5f40     0x4  port.o [5]
  .text                  ro code   0x800'5f44     0x4  MeasureTask.o [3]
  .text                  ro code   0x800'5f48     0x4  iostream_cout.o [7]
  .text                  ro code   0x800'5f4c     0x0  cstart_call_dtors.o [10]
  .rodata                const     0x800'5f4c     0x0  zero_init3.o [10]
  .rodata                const     0x800'5f4c     0x0  copy_init3.o [10]
                                 - 0x800'5f4c  0x5db4

"P2", part 1 of 3:                               0x50
  P2-1                            0x2000'0000    0x50  <Init block>
    .data                inited   0x2000'0000     0x4  main.o [1]
    .data                inited   0x2000'0004     0x4  main.o [1]
    .data                inited   0x2000'0008     0x4  main.o [1]
    .data                inited   0x2000'000c     0x4  main.o [1]
    .data                inited   0x2000'0010     0x4  main.o [1]
    .data                inited   0x2000'0014    0x10  main.o [1]
    .data                inited   0x2000'0024     0x4  main.o [1]
    .data                inited   0x2000'0028     0x8  main.o [1]
    .data                inited   0x2000'0030     0x8  main.o [1]
    .data                inited   0x2000'0038     0x8  main.o [1]
    .data                inited   0x2000'0040     0x4  main.o [1]
    .data                inited   0x2000'0044     0x4  port.o [5]
    .data                inited   0x2000'0048     0x8  XShttio.o [6]
                                - 0x2000'0050    0x50

"P2", part 2 of 3:                             0x17b0
  .bss                   zero     0x2000'0050   0x470  main.o [1]
  .bss                   zero     0x2000'04c0   0x470  main.o [1]
  .bss                   zero     0x2000'0930   0x468  main.o [1]
  .bss                   zero     0x2000'0d98   0x400  tasks.o [4]
  .bss                   zero     0x2000'1198   0x200  tasks.o [4]
  .bss                   zero     0x2000'1398    0xa0  timers.o [4]
  .bss                   zero     0x2000'1438    0x70  iostream_cout.o [7]
  .bss                   zero     0x2000'14a8    0x64  tasks.o [4]
  .bss                   zero     0x2000'150c    0x50  main.o [1]
  .bss                   zero     0x2000'155c    0x50  tasks.o [4]
  .bss                   zero     0x2000'15ac    0x50  tasks.o [4]
  .bss                   zero     0x2000'15fc    0x48  timers.o [4]
  .bss                   zero     0x2000'1644    0x40  queue.o [4]
  .bss                   zero     0x2000'1684    0x34  main.o [1]
  .bss                   zero     0x2000'16b8    0x34  ios.o [7]
  .bss                   zero     0x2000'16ec    0x14  MeasureTask.o [3]
  .bss                   zero     0x2000'1700    0x14  tasks.o [4]
  .bss                   zero     0x2000'1714    0x14  tasks.o [4]
  .bss                   zero     0x2000'1728    0x14  tasks.o [4]
  .bss                   zero     0x2000'173c    0x14  tasks.o [4]
  .bss                   zero     0x2000'1750    0x14  timers.o [4]
  .bss                   zero     0x2000'1764    0x14  timers.o [4]
  .bss                   zero     0x2000'1778    0x10  ios.o [7]
  .bss                   zero     0x2000'1788     0x8  heap0.o [6]
  .bss                   zero     0x2000'1790     0x4  MeasureTask.o [3]
  .bss                   zero     0x2000'1794     0x4  MeasureTask.o [3]
  .bss                   zero     0x2000'1798     0x4  port.o [5]
  .bss                   zero     0x2000'179c     0x4  tasks.o [4]
  .bss                   zero     0x2000'17a0     0x4  tasks.o [4]
  .bss                   zero     0x2000'17a4     0x4  tasks.o [4]
  .bss                   zero     0x2000'17a8     0x4  tasks.o [4]
  .bss                   zero     0x2000'17ac     0x4  tasks.o [4]
  .bss                   zero     0x2000'17b0     0x4  tasks.o [4]
  .bss                   zero     0x2000'17b4     0x4  tasks.o [4]
  .bss                   zero     0x2000'17b8     0x4  tasks.o [4]
  .bss                   zero     0x2000'17bc     0x4  tasks.o [4]
  .bss                   zero     0x2000'17c0     0x4  tasks.o [4]
  .bss                   zero     0x2000'17c4     0x4  tasks.o [4]
  .bss                   zero     0x2000'17c8     0x4  tasks.o [4]
  .bss                   zero     0x2000'17cc     0x4  tasks.o [4]
  .bss                   zero     0x2000'17d0     0x4  tasks.o [4]
  .bss                   zero     0x2000'17d4     0x4  timers.o [4]
  .bss                   zero     0x2000'17d8     0x4  timers.o [4]
  .bss                   zero     0x2000'17dc     0x4  timers.o [4]
  .bss                   zero     0x2000'17e0     0x4  timers.o [4]
  .bss                   zero     0x2000'17e4     0x4  timers.o [4]
  .bss                   zero     0x2000'17e8     0x4  cppinit.o [6]
  .bss                   zero     0x2000'17ec     0x4  cppinit.o [6]
  .bss                   zero     0x2000'17f0     0x4  new.o [8]
  .bss                   zero     0x2000'17f4     0x4  xgetmemchunk.o [6]
  .bss                   zero     0x2000'17f8     0x4  xfail_s.o [6]
  .bss                   zero     0x2000'17fc     0x1  MeasureTask.o [3]
  .bss                   zero     0x2000'17fd     0x1  MeasureTask.o [3]
  .bss                   zero     0x2000'17fe     0x1  MeasureTask.o [3]
  .bss                   zero     0x2000'17ff     0x1  port.o [5]
                                - 0x2000'1800  0x17b0

"P2", part 3 of 3:                             0x21b0
  .iar.dynexit                    0x2000'1800   0x1b0  <Block>
    .iar.dynexit         uninit   0x2000'1800     0xc  cppinit.o [6]
    .iar.dynexit         uninit   0x2000'180c   0x1a4  <Block tail>
  CSTACK                          0x2000'19b0  0x1000  <Block>
    CSTACK               uninit   0x2000'19b0  0x1000  <Block tail>
  HEAP                            0x2000'29b0  0x1000  <Block>
    HEAP                 uninit   0x2000'29b0  0x1000  <Block tail>
                                - 0x2000'39b0  0x21b0

Unused ranges:

         From           To      Size
         ----           --      ----
   0x800'5f4c   0x807'ffff  0x7'a0b4
  0x2000'39b0  0x2001'ffff  0x1'c650


*******************************************************************************
*** INIT TABLE
***

          Address      Size
          -------      ----
Zero (__iar_zero_init3)
    1 destination range, total size 0x17b0:
          0x2000'0050  0x17b0

Copy (__iar_copy_init3)
    1 source range, total size 0x50:
           0x800'55d8    0x50
    1 destination range, total size 0x50:
          0x2000'0000    0x50

Extra (__iar_cstart_call_ctors)



*******************************************************************************
*** MODULE SUMMARY
***

    Module               ro code  ro data  rw data
    ------               -------  -------  -------
command line/config:
    ----------------------------------------------
    Total:

D:\RtosWrapper\minor-labs\repo\RtosWrapper\Debug\Obj: [1]
    main.o                 1'698      264    3'601
    startupF411RE.o           50      408
    ----------------------------------------------
    Total:                 1'748      672    3'601

D:\RtosWrapper\minor-labs\repo\RtosWrapper\Debug\Obj\Application\Implementation: [2]
    TemperatureFilter.o      134       12
    ----------------------------------------------
    Total:                   134       12

D:\RtosWrapper\minor-labs\repo\RtosWrapper\Debug\Obj\MyTasks: [3]
    ButtonTask.o             192      100
    LedManagerTask.o         142       12
    MeasureTask.o          5'946      351       33
    ----------------------------------------------
    Total:                 6'280      463       33

D:\RtosWrapper\minor-labs\repo\RtosWrapper\Debug\Obj\Rtos\FreeRtos: [4]
    list.o                   152
    queue.o                1'602                64
    tasks.o                2'084        8    1'932
    timers.o                 916       16      292
    ----------------------------------------------
    Total:                 4'754       24    2'288

D:\RtosWrapper\minor-labs\repo\RtosWrapper\Debug\Obj\Rtos\FreeRtos\portable\IAR\ARM_CM4F: [5]
    port.o                   388        8        9
    portasm.o                168
    ----------------------------------------------
    Total:                   556        8        9

dl7M_tln.a: [6]
    XShttio.o                  8        8        8
    abort.o                    6
    cppinit.o                160                20
    exit.o                     4
    heap0.o                  316                 8
    heaptramp0.o               4
    putchar.o                 32
    sprintf.o                 64
    strcspn.o                 34
    xfail_s.o                 64                 4
    xgetmemchunk.o            44                 4
    xprintffull_nomb.o     3'726
    xsprout.o                 10
    ----------------------------------------------
    Total:                 4'472        8       44

dlpp7M_tls_nc.a: [7]
    ios.o                    256       20       68
    iostream_cout.o          434      196      112
    ----------------------------------------------
    Total:                   690      216      180

dlpprt7M_tl_nc.a: [8]
    cxxabi.o                  10
    delop4_0.o                 4
    delop_0.o                 10
    new.o                                        4
    newop_0.o                 36
    nomemory.o                 4
    ----------------------------------------------
    Total:                    64                 4

m7M_tls.a: [9]
    DblAddSub.o              590
    DblCmpEq.o                32
    DblCmpGe.o                52
    DblCmpLe.o                52
    DblDiv.o                 582
    DblMul.o                 426
    DblToS32.o                54
    DblToU32.o                34
    FltToDbl.o                72
    S32ToDbl.o                34
    U32ToDbl.o                28
    fpinit_M.o                34
    frexp.o                  112
    ldexp.o                  314
    ----------------------------------------------
    Total:                 2'416

rt7M_tl.a: [10]
    ABImemclr4.o               6
    ABImemcpy.o              166
    ABImemmove.o             150
    ABImemset.o              102
    ABImemset48.o             50
    I64DivMod.o              628
    I64DivZer.o                2
    cexit.o                   14
    cmain.o                   30
    cmain_call_ctors.o        32
    copy_init3.o              42
    cstart_call_dtors.o
    data_init.o               40
    memchr.o                  88
    strchr.o                  22
    strlen.o                  54
    zero_init3.o              56
    ----------------------------------------------
    Total:                 1'482

shb_l.a: [11]
    ABIassert.o               36
    dwrite.o                  30
    exit.o                    20
    iarttio.o                124
    iarwrite.o                34
    iarwstd.o                 32
    unwind_debug.o                      1
    write.o                   16
    ----------------------------------------------
    Total:                   292        1

    Gaps                      49       10
    Linker created                     42    8'612
--------------------------------------------------
    Grand Total:          22'937    1'456   14'771


*******************************************************************************
*** ENTRY LIST
***

Entry                       Address   Size  Type      Object
-----                       -------   ----  ----      ------
.iar.dynexit$$Base      0x2000'1800          --   Gb  - Linker created -
.iar.dynexit$$Limit     0x2000'19b0          --   Gb  - Linker created -
.iar.init_table$$Base    0x800'5b68          --   Gb  - Linker created -
.iar.init_table$$Limit   0x800'5b90          --   Gb  - Linker created -
?main                    0x800'5bb1         Code  Gb  cmain.o [10]
Adc<unsigned int>::GetData()
                         0x800'4f41    0x8  Code  Wk  MeasureTask.o [3]
Adc<unsigned int>::StartConversion()
                         0x800'4f2d    0x8  Code  Wk  MeasureTask.o [3]
Adc<unsigned int>::TurnOn()
                         0x800'4f25    0x8  Code  Wk  MeasureTask.o [3]
Adc<unsigned int>::WaitEndOfConvertion()
                         0x800'4f35    0xc  Code  Wk  MeasureTask.o [3]
Aldata                  0x2000'1788    0x8  Data  Lc  heap0.o [6]
Button<(unsigned int)1073874960, (unsigned int)13, (bool)1>::IsPressed()
                         0x800'5bfd   0x18  Code  Wk  main.o [1]
ButtonTask::ButtonTask(IButton &, std::chrono::duration<long long, std::ratio<(long long)1, (long long)1000>>, OsWrapper::MailBox<bool, (unsigned int)1> &)
                         0x800'4b21   0x34  Code  Wk  main.o [1]
ButtonTask::Execute()    0x800'5541   0x50  Code  Gb  ButtonTask.o [3]
CSTACK$$Base            0x2000'19b0          --   Gb  - Linker created -
CSTACK$$Limit           0x2000'29b0          --   Gb  - Linker created -
ChessMode<leds>::Execute()
                         0x800'5741   0x3c  Code  Wk  main.o [1]
ChessMode<leds>::Init()
                         0x800'56f5   0x44  Code  Wk  main.o [1]
DtorRecArray            0x2000'1800    0xc  Data  Lc  cppinit.o [6]
DummyModule::handler()   0x800'5cc9    0x2  Code  Gb  startupF411RE.o [1]
HEAP$$Base              0x2000'29b0          --   Gb  - Linker created -
HEAP$$Limit             0x2000'39b0          --   Gb  - Linker created -
IFilter::IFilter()       0x800'4dd5    0x2  Code  Wk  TemperatureFilter.o [2]
IFilter::IFilter() [subobject]
                         0x800'4d1d    0x8  Code  Wk  TemperatureFilter.o [2]
ILedToggleable * * std::_Addressof<ILedToggleable *>(ILedToggleable * &, std::integral_constant<bool, (bool)0>)
                         0x800'580d    0x2  Code  Wk  main.o [1]
ILedToggleable * * std::addressof<ILedToggleable *>(ILedToggleable * &)
                         0x800'57d1   0x10  Code  Wk  main.o [1]
Initialization guard variable for std::ctype<char> const & std::use_facet<std::ctype<char>>()::_MyFacet
                        0x2000'17fd    0x1  Data  Wk  MeasureTask.o [3]
Initialization guard variable for std::num_put<char, std::ostreambuf_iterator<char, std::char_traits<char>>> const & std::use_facet<std::num_put<char, std::ostreambuf_iterator<char, std::char_traits<char>>>>()::_MyFacet
                        0x2000'17fc    0x1  Data  Wk  MeasureTask.o [3]
Initialization guard variable for std::numpunct<char> const & std::use_facet<std::numpunct<char>>()::_MyFacet
                        0x2000'17fe    0x1  Data  Wk  MeasureTask.o [3]
Led<(unsigned int)1073872916, (unsigned int)5>::SwitchOff()
                         0x800'5ddd   0x10  Code  Wk  main.o [1]
Led<(unsigned int)1073872916, (unsigned int)5>::Toggle()
                         0x800'5d9d   0x10  Code  Wk  main.o [1]
Led<(unsigned int)1073874964, (unsigned int)5>::SwitchOff()
                         0x800'5e0d   0x10  Code  Wk  main.o [1]
Led<(unsigned int)1073874964, (unsigned int)5>::Toggle()
                         0x800'5dcd   0x10  Code  Wk  main.o [1]
Led<(unsigned int)1073874964, (unsigned int)8>::SwitchOff()
                         0x800'5dfd   0x10  Code  Wk  main.o [1]
Led<(unsigned int)1073874964, (unsigned int)8>::Toggle()
                         0x800'5dbd   0x10  Code  Wk  main.o [1]
Led<(unsigned int)1073874964, (unsigned int)9>::SwitchOff()
                         0x800'5ded   0x10  Code  Wk  main.o [1]
Led<(unsigned int)1073874964, (unsigned int)9>::Toggle()
                         0x800'5dad   0x10  Code  Wk  main.o [1]
LedManagerTask::Execute()
                         0x800'542f   0x52  Code  Gb  LedManagerTask.o [3]
LedManagerTask::LedManagerTask(IModeManager &, std::chrono::duration<long long, std::ratio<(long long)1, (long long)1000>>, OsWrapper::MailBox<bool, (unsigned int)1> &)
                         0x800'4aed   0x34  Code  Wk  main.o [1]
MeasureTask::Execute()   0x800'4e2d   0xf8  Code  Gb  MeasureTask.o [3]
MeasureTask::MeasureTask(std::chrono::duration<long long, std::ratio<(long long)1, (long long)1000>>, IFilter &)
                         0x800'4b55   0x28  Code  Wk  main.o [1]
ModeManager<modes>::SetNextMode()
                         0x800'5a41   0x28  Code  Wk  main.o [1]
ModeManager<modes>::Update()
                         0x800'5c15   0x18  Code  Wk  main.o [1]
OsWrapper::IThread::IThread()
                         0x800'4e21    0xa  Code  Wk  main.o [1]
OsWrapper::IThread::IThread() [subobject]
                         0x800'4e19    0x8  Code  Wk  main.o [1]
OsWrapper::IThread::Run()
                         0x800'5c99   0x14  Code  Wk  main.o [1]
OsWrapper::IThread::Sleep(std::chrono::duration<long long, std::ratio<(long long)1, (long long)1000>>)
                         0x800'5009   0x1a  Code  Wk  ButtonTask.o [3]
OsWrapper::MailBox<bool, (unsigned int)1>::Get(bool &, std::chrono::duration<long long, std::ratio<(long long)1, (long long)1000>>)
                         0x800'5481   0x24  Code  Wk  LedManagerTask.o [3]
OsWrapper::MailBox<bool, (unsigned int)1>::MailBox()
                         0x800'4acd   0x1e  Code  Wk  main.o [1]
OsWrapper::MailBox<bool, (unsigned int)1>::Put(bool const &)
                         0x800'5591    0x8  Code  Wk  ButtonTask.o [3]
OsWrapper::MailBox<bool, (unsigned int)1>::~MailBox()
                         0x800'5e1d    0xe  Code  Wk  main.o [1]
OsWrapper::Rtos::HandleSvcInterrupt()
                         0x800'5f29    0x8  Code  Wk  startupF411RE.o [1]
OsWrapper::Rtos::HandleSysTickInterrupt()
                         0x800'5f31    0x8  Code  Wk  startupF411RE.o [1]
OsWrapper::Rtos::Run(void *)
                         0x800'5f11    0x8  Code  Wk  main.o [1]
OsWrapper::Rtos::Start()
                         0x800'4d15    0x8  Code  Wk  main.o [1]
OsWrapper::RtosWrapper::wGetTicks()
                         0x800'5cad    0x8  Code  Wk  main.o [1]
OsWrapper::RtosWrapper::wHandleSvcInterrupt()
                         0x800'5f19    0x8  Code  Wk  startupF411RE.o [1]
OsWrapper::RtosWrapper::wHandleSysTickInterrupt()
                         0x800'5f21    0x8  Code  Wk  startupF411RE.o [1]
OsWrapper::RtosWrapper::wMailBoxCreate(unsigned short, unsigned short, unsigned char *, xSTATIC_QUEUE &)
                         0x800'4d2d   0x10  Code  Wk  main.o [1]
OsWrapper::RtosWrapper::wMailBoxDelete(void *&)
                         0x800'5e2b    0xa  Code  Wk  main.o [1]
OsWrapper::RtosWrapper::wMailBoxGet(void *&, void *, unsigned int)
                         0x800'54a5   0x18  Code  Wk  LedManagerTask.o [3]
OsWrapper::RtosWrapper::wMailBoxPut(void *&, void const *)
                         0x800'55bd   0x1a  Code  Wk  ButtonTask.o [3]
OsWrapper::RtosWrapper::wSleep(unsigned int)
                         0x800'5125    0x8  Code  Wk  ButtonTask.o [3]
OsWrapper::RtosWrapper::wStart()
                         0x800'4dcd    0x8  Code  Wk  main.o [1]
OsWrapper::Thread<(unsigned int)256>::Thread()
                         0x800'4e0b    0xe  Code  Wk  main.o [1]
OsWrapper::Thread<(unsigned int)256>::Thread() [subobject]
                         0x800'4d3d    0x8  Code  Wk  main.o [1]
Region$$Table$$Base      0x800'5b68          --   Gb  - Linker created -
Region$$Table$$Limit     0x800'5b90          --   Gb  - Linker created -
SHT$$INIT_ARRAY$$Base    0x800'5eb0          --   Gb  - Linker created -
SHT$$INIT_ARRAY$$Limit   0x800'5eb8          --   Gb  - Linker created -
SHT$$PREINIT_ARRAY$$Base
                         0x800'5eac          --   Gb  - Linker created -
SHT$$PREINIT_ARRAY$$Limit
                         0x800'5eb0          --   Gb  - Linker created -
SystemCoreClock         0x2000'0040    0x4  Data  Gb  main.o [1]
TemperatureFilter::FilterValue(float)
                         0x800'4a75   0x50  Code  Gb  TemperatureFilter.o [2]
TemperatureFilter::TemperatureFilter()
                         0x800'4a51   0x22  Code  Gb  TemperatureFilter.o [2]
TreeMode<leds>::Execute()
                         0x800'59ed   0x2c  Code  Wk  main.o [1]
TreeMode<leds>::Init()   0x800'5a71   0x28  Code  Wk  main.o [1]
Virtual function table for Adc<unsigned int>
                         0x800'59c0   0x2c  Data  Wk  MeasureTask.o [3]
Virtual function table for Button<(unsigned int)1073874960, (unsigned int)13, (bool)1>
                         0x800'5e70    0xc  Data  Wk  main.o [1]
Virtual function table for ButtonTask
                         0x800'5e58    0xc  Data  Wk  ButtonTask.o [3]
Virtual function table for ChessMode<leds>
                         0x800'5d1c   0x10  Data  Wk  main.o [1]
Virtual function table for Led<(unsigned int)1073872916, (unsigned int)5>
                         0x800'5cdc   0x10  Data  Wk  main.o [1]
Virtual function table for Led<(unsigned int)1073874964, (unsigned int)5>
                         0x800'5d0c   0x10  Data  Wk  main.o [1]
Virtual function table for Led<(unsigned int)1073874964, (unsigned int)8>
                         0x800'5cfc   0x10  Data  Wk  main.o [1]
Virtual function table for Led<(unsigned int)1073874964, (unsigned int)9>
                         0x800'5cec   0x10  Data  Wk  main.o [1]
Virtual function table for LedManagerTask
                         0x800'5e64    0xc  Data  Wk  LedManagerTask.o [3]
Virtual function table for MeasureTask
                         0x800'5e94    0xc  Data  Wk  MeasureTask.o [3]
Virtual function table for ModeManager<modes>
                         0x800'5c70   0x14  Data  Wk  main.o [1]
Virtual function table for TemperatureFilter
                         0x800'5ea0    0xc  Data  Wk  TemperatureFilter.o [2]
Virtual function table for TreeMode<leds>
                         0x800'5d2c   0x10  Data  Wk  main.o [1]
Virtual function table for std::_Wrap_facet<std::ctype<char>>
                         0x800'5d5c   0x10  Data  Wk  MeasureTask.o [3]
Virtual function table for std::_Wrap_facet<std::num_put<char, std::ostreambuf_iterator<char, std::char_traits<char>>>>
                         0x800'5950   0x30  Data  Wk  MeasureTask.o [3]
Virtual function table for std::_Wrap_facet<std::numpunct<char>>
                         0x800'5ae4   0x24  Data  Wk  MeasureTask.o [3]
Virtual function table for std::__nobasic_filebuf<char, std::char_traits<char>>
                         0x800'56b0   0x44  Data  Wk  iostream_cout.o [7]
Virtual function table for std::ctype<char>
                         0x800'5d4c   0x10  Data  Wk  MeasureTask.o [3]
Virtual function table for std::ios
                         0x800'5d8c   0x10  Data  Wk  iostream_cout.o [7]
Virtual function table for std::ios_base
                         0x800'5d7c   0x10  Data  Wk  ios.o [7]
Virtual function table for std::num_put<char, std::ostreambuf_iterator<char, std::char_traits<char>>>
                         0x800'5920   0x30  Data  Wk  MeasureTask.o [3]
Virtual function table for std::numpunct<char>
                         0x800'5ac0   0x24  Data  Wk  MeasureTask.o [3]
Virtual function table for std::ostream
                         0x800'5a18   0x28  Data  Wk  iostream_cout.o [7]
Virtual function table for std::streambuf
                         0x800'566c   0x44  Data  Wk  iostream_cout.o [7]
[local to ios_cpp]::std::stdopens
                        0x2000'16b8    0xc  Data  Lc  ios.o [7]
[local to ios_cpp]::std::stdstr
                        0x2000'16c4   0x28  Data  Lc  ios.o [7]
[local to iostream_cout_cpp]::std::__iarcoutguard
                        0x2000'1464    0x1  Data  Lc  iostream_cout.o [7]
[local to iostream_cout_cpp]::std::fout
                        0x2000'1468   0x40  Data  Lc  iostream_cout.o [7]
_LC                      0x800'0199    0x6  Code  Lc  xprintffull_nomb.o [6]
_LitobFullNoMb           0x800'0e29  0x114  Code  Lc  xprintffull_nomb.o [6]
_PrintfFullNoMb          0x800'019f  0xc76  Code  Gb  xprintffull_nomb.o [6]
_PutcharsFullNoMb        0x800'0f95   0x2e  Code  Lc  xprintffull_nomb.o [6]
_SProut                  0x800'1067    0xa  Code  Gb  xsprout.o [6]
__aeabi_assert           0x800'5599   0x24  Code  Gb  ABIassert.o [11]
__aeabi_atexit           0x800'386d    0xa  Code  Gb  cxxabi.o [8]
__aeabi_cdcmpeq          0x800'42a1         Code  Gb  DblCmpEq.o [9]
__aeabi_cdcmple          0x800'125d         Code  Gb  DblCmpLe.o [9]
__aeabi_cdrcmple         0x800'1291         Code  Gb  DblCmpGe.o [9]
__aeabi_d2iz             0x800'1401         Code  Gb  DblToS32.o [9]
__aeabi_d2uiz            0x800'18f5         Code  Gb  DblToU32.o [9]
__aeabi_ddiv             0x800'16ad         Code  Gb  DblDiv.o [9]
__aeabi_dmul             0x800'1935         Code  Gb  DblMul.o [9]
__aeabi_dsub             0x800'15c9         Code  Gb  DblAddSub.o [9]
__aeabi_f2d              0x800'5091         Code  Gb  FltToDbl.o [9]
__aeabi_i2d              0x800'1439         Code  Gb  S32ToDbl.o [9]
__aeabi_ldiv0            0x800'1d5d         Code  Gb  I64DivZer.o [10]
__aeabi_ldivmod          0x800'1ae1         Code  Gb  I64DivMod.o [10]
__aeabi_memclr4          0x800'4d25         Code  Gb  ABImemclr4.o [10]
__aeabi_memcpy           0x800'1145         Code  Gb  ABImemcpy.o [10]
__aeabi_memcpy4          0x800'1165         Code  Gb  ABImemcpy.o [10]
__aeabi_memcpy8          0x800'1165         Code  Gb  ABImemcpy.o [10]
__aeabi_memmove          0x800'3bc1         Code  Gb  ABImemmove.o [10]
__aeabi_memmove4         0x800'3bc1         Code  Gb  ABImemmove.o [10]
__aeabi_memmove8         0x800'3bc1         Code  Gb  ABImemmove.o [10]
__aeabi_memset           0x800'3d6d         Code  Gb  ABImemset.o [10]
__aeabi_ui2d             0x800'1919         Code  Gb  U32ToDbl.o [9]
__aeabi_uldivmod         0x800'1b25         Code  Gb  I64DivMod.o [10]
__basic_free             0x800'3fd9   0x16  Code  Gb  heap0.o [6]
__basic_free_intern      0x800'3fef   0x74  Code  Lc  heap0.o [6]
__basic_malloc           0x800'3f2d   0x18  Code  Gb  heap0.o [6]
__basic_malloc_intern    0x800'3f45   0x94  Code  Lc  heap0.o [6]
__call_ctors             0x800'3a31   0x18  Code  Gb  cppinit.o [6]
__call_dtors             0x800'3a7f    0xc  Code  Gb  cppinit.o [6]
__call_dtors0            0x800'3a8b   0x36  Code  Gb  cppinit.o [6]
__cexit_call_dtors       0x800'5bd7         Code  Gb  cexit.o [10]
__cmain                  0x800'5bb1         Code  Gb  cmain.o [10]
__cstart_call_dtors      0x800'5f4c         Data  Gb  cstart_call_dtors.o [10]
__cxa_atexit             0x800'3a49   0x36  Code  Gb  cppinit.o [6]
__data_GetMemChunk       0x800'4091   0x2c  Code  Gb  xgetmemchunk.o [6]
__data_GetMemChunk::start
                        0x2000'17f4    0x4  Data  Lc  xgetmemchunk.o [6]
__dso_handle            0x2000'17ec    0x4  Data  Gb  cppinit.o [6]
__dwrite                 0x800'5887   0x1e  Code  Gb  dwrite.o [11]
__exit                   0x800'1d61   0x14  Code  Gb  exit.o [11]
__iar_Fail_s             0x800'1071   0x1c  Code  Gb  xfail_s.o [6]
__iar_Memchr             0x800'10ed         Code  Gb  memchr.o [10]
__iar_Memset             0x800'3d6d         Code  Gb  ABImemset.o [10]
__iar_Memset4_word       0x800'4dd9         Code  Gb  ABImemset48.o [10]
__iar_Memset8_word       0x800'4dd9         Code  Gb  ABImemset48.o [10]
__iar_Memset_word        0x800'3d75         Code  Gb  ABImemset.o [10]
__iar_Strchr             0x800'1051         Code  Gb  strchr.o [10]
__iar_close_ttio         0x800'1d75   0x2c  Code  Gb  iarttio.o [11]
__iar_copy_init3         0x800'1027   0x2a  Code  Gb  copy_init3.o [10]
__iar_cstart_call_ctors
                         0x800'5b91   0x20  Code  Gb  cmain_call_ctors.o [10]
__iar_data_init3         0x800'5a99   0x28  Code  Gb  data_init.o [10]
__iar_debug_exceptions   0x800'18f2    0x1  Data  Gb  unwind_debug.o [11]
__iar_frexp              0x800'11f9         Code  Gb  frexp.o [9]
__iar_frexpl             0x800'11f9         Code  Gb  frexp.o [9]
__iar_get_ttio           0x800'1da1   0x4c  Code  Gb  iarttio.o [11]
__iar_init_vfp           0x800'5b45         Code  Gb  fpinit_M.o [9]
__iar_ldexp64            0x800'12c5         Code  Gb  ldexp.o [9]
__iar_lookup_ttioh       0x800'1df1    0x8  Code  Gb  XShttio.o [6]
__iar_program_start      0x800'5ccb   0x10  Code  Gb  startupF411RE.o [1]
__iar_scalbln64          0x800'12c5         Code  Gb  ldexp.o [9]
__iar_scalbn64           0x800'12c5         Code  Gb  ldexp.o [9]
__iar_sh_stdout          0x800'58a5   0x20  Code  Gb  iarwstd.o [11]
__iar_sh_write           0x800'58c5   0x22  Code  Gb  iarwrite.o [11]
__iar_softfp___iar_frexp64
                         0x800'11ed         Code  Gb  frexp.o [9]
__iar_softfp_frexp       0x800'11ed         Code  Gb  frexp.o [9]
__iar_softfp_frexpl      0x800'11ed         Code  Gb  frexp.o [9]
__iar_tls$$INIT_ARRAY$$Base
                         0x800'5eb8          --   Gb  - Linker created -
__iar_tls$$INIT_ARRAY$$Limit
                         0x800'5eb8          --   Gb  - Linker created -
__iar_ttio_handles      0x2000'0048    0x8  Data  Lc  XShttio.o [6]
__iar_zero_init3         0x800'58e7   0x38  Code  Gb  zero_init3.o [10]
__low_level_init         0x800'49a3   0x4a  Code  Gb  main.o [1]
__sti__routine           0x800'4959   0x4a  Code  Lc  main.o [1]
__sti__routine           0x800'4763    0xa  Code  Lc  ios.o [7]
__sti__routine           0x800'5165   0x90  Code  Lc  iostream_cout.o [7]
__vector_table           0x800'0000  0x198  Data  Gb  startupF411RE.o [1]
__write                  0x800'5877   0x10  Code  Gb  write.o [11]
_call_main               0x800'5bbd         Code  Gb  cmain.o [10]
_exit                    0x800'5bd5         Code  Gb  cexit.o [10]
abort                    0x800'1d55    0x6  Code  Gb  abort.o [6]
bool FieldValueBase<ADC1_SR_EOC_Values<ADC1::SR, (unsigned int)1, (unsigned int)1, ReadWriteMode, ADC1::ADC1SRBase>, ADC1::ADC1SRBase, (unsigned int)1>::IsSet<ReadWriteMode, void>()
                         0x800'504d   0x10  Code  Wk  MeasureTask.o [3]
bool FieldValueBase<RCC_CFGR_SWS_Values<RCC::CFGR, (unsigned int)2, (unsigned int)2, ReadMode, RCC::RCCCFGRBase>, RCC::RCCCFGRBase, (unsigned int)0>::IsSet<ReadMode, void>()
                         0x800'4bb9   0x18  Code  Wk  main.o [1]
bool FieldValueBase<RCC_CR_HSIRDY_Values<RCC::CR, (unsigned int)1, (unsigned int)1, ReadMode, RCC::RCCCRBase>, RCC::RCCCRBase, (unsigned int)0>::IsSet<ReadMode, void>()
                         0x800'4b91   0x18  Code  Wk  main.o [1]
button                  0x2000'0000    0x4  Data  Gb  main.o [1]
buttonTask              0x2000'04c0  0x470  Data  Gb  main.o [1]
char * && std::forward<char *>(std::remove_reference<char *>::type &)
                         0x800'3e7b    0x2  Code  Wk  MeasureTask.o [3]
char * std::_Addressof<char>(char &, std::integral_constant<bool, (bool)0>)
                         0x800'3cff    0x2  Code  Wk  MeasureTask.o [3]
char * std::_Allocate<char>(unsigned int, char *)
                         0x800'3ef5   0x12  Code  Wk  MeasureTask.o [3]
char * std::_Maklocstr<char>(char const *, char *)
                         0x800'3ea1   0x34  Code  Wk  MeasureTask.o [3]
char * std::addressof<char>(char &)
                         0x800'39e9   0x10  Code  Wk  MeasureTask.o [3]
char std::_Maklocchr<char>(char, char *)
                         0x800'3e61    0x4  Code  Wk  MeasureTask.o [3]
chessMode               0x2000'0024    0x4  Data  Gb  main.o [1]
const std::allocator<char>& && std::forward<const std::allocator<char>&>(std::remove_reference<const std::allocator<char>&>::type &)
                         0x800'3dff    0x2  Code  Wk  MeasureTask.o [3]
exit                     0x800'5bcf    0x4  Code  Gb  exit.o [6]
free                     0x800'3f27    0x4  Code  Gb  heaptramp0.o [6]
ldexp                    0x800'12c5         Code  Gb  ldexp.o [9]
ldexpl                   0x800'12c5         Code  Gb  ldexp.o [9]
led1                    0x2000'0004    0x4  Data  Gb  main.o [1]
led2                    0x2000'0008    0x4  Data  Gb  main.o [1]
led3                    0x2000'000c    0x4  Data  Gb  main.o [1]
led4                    0x2000'0010    0x4  Data  Gb  main.o [1]
ledManagerTask          0x2000'0050  0x470  Data  Gb  main.o [1]
leds                    0x2000'0014   0x10  Data  Gb  main.o [1]
mailBox                 0x2000'150c   0x50  Data  Gb  main.o [1]
main                     0x800'49ed   0x28  Code  Gb  main.o [1]
measureTask             0x2000'0930  0x468  Data  Lc  main.o [1]
memchr                   0x800'10ed         Code  Gb  memchr.o [10]
modeManager             0x2000'0038    0x8  Data  Gb  main.o [1]
modes                   0x2000'0030    0x8  Data  Gb  main.o [1]
next_abi_dtor_rec       0x2000'17e8    0x4  Data  Lc  cppinit.o [6]
operator delete (void *)
                         0x800'3e97    0xa  Code  Gb  delop_0.o [8]
operator delete (void *, unsigned int)
                         0x800'48c5    0x4  Code  Gb  delop4_0.o [8]
operator new (unsigned int)
                         0x800'4069   0x24  Code  Gb  newop_0.o [8]
operator new (unsigned int, void *)
                         0x800'408d    0x4  Code  Wk  MeasureTask.o [3]
passFilter              0x2000'1684   0x34  Data  Lc  main.o [1]
pcInterruptPriorityRegisters
                         0x800'5f40    0x4  Data  Lc  port.o [5]
prvAddCurrentTaskToDelayedList
                         0x800'2545   0x6e  Code  Lc  tasks.o [4]
prvAddNewTaskToReadyList
                         0x800'1ec1   0x9a  Code  Lc  tasks.o [4]
prvCheckForValidListAndQueue
                         0x800'2b2b   0x4c  Code  Lc  timers.o [4]
prvCheckForValidListAndQueue{1}{2}{3}{4}::ucStaticTimerQueueStorage
                        0x2000'1398   0xa0  Data  Lc  timers.o [4]
prvCheckForValidListAndQueue{1}{2}{3}{4}::xStaticTimerQueue
                        0x2000'15fc   0x48  Data  Lc  timers.o [4]
prvCheckTasksWaitingTermination
                         0x800'23af    0x2  Code  Lc  tasks.o [4]
prvCopyDataFromQueue     0x800'3145   0x2a  Code  Lc  queue.o [4]
prvCopyDataToQueue       0x800'30bf   0x86  Code  Lc  queue.o [4]
prvGetNextExpireTime     0x800'2989   0x26  Code  Lc  timers.o [4]
prvIdleTask              0x800'2359    0x8  Code  Lc  tasks.o [4]
prvInitialiseNewQueue    0x800'2d2b   0x1c  Code  Lc  queue.o [4]
prvInitialiseNewTask     0x800'1e2f   0x92  Code  Lc  tasks.o [4]
prvInitialiseTaskLists   0x800'2361   0x4e  Code  Lc  tasks.o [4]
prvInsertTimerInActiveList
                         0x800'29d5   0x3e  Code  Lc  timers.o [4]
prvIsQueueEmpty          0x800'31dd   0x1c  Code  Lc  queue.o [4]
prvIsQueueFull           0x800'31f9   0x1e  Code  Lc  queue.o [4]
prvProcessExpiredTimer   0x800'28bb   0x46  Code  Lc  timers.o [4]
prvProcessReceivedCommands
                         0x800'2a13   0xba  Code  Lc  timers.o [4]
prvProcessTimerOrBlockTask
                         0x800'2919   0x70  Code  Lc  timers.o [4]
prvResetNextTaskUnblockTime
                         0x800'23b1   0x28  Code  Lc  tasks.o [4]
prvSampleTimeNow         0x800'29af   0x26  Code  Lc  timers.o [4]
prvSampleTimeNow::xLastTime
                        0x2000'17e4    0x4  Data  Lc  timers.o [4]
prvSwitchTimerLists      0x800'2acd   0x5e  Code  Lc  timers.o [4]
prvTaskExitError         0x800'26dd   0x10  Code  Lc  port.o [5]
prvTimerTask             0x800'2905   0x14  Code  Lc  timers.o [4]
prvUnlockQueue           0x800'316f   0x6e  Code  Lc  queue.o [4]
putchar                  0x800'5857   0x20  Code  Gb  putchar.o [6]
pvTaskIncrementMutexHeldCount
                         0x800'24ff   0x16  Code  Gb  tasks.o [4]
pxCurrentTCB            0x2000'179c    0x4  Data  Gb  tasks.o [4]
pxCurrentTimerList      0x2000'17d4    0x4  Data  Lc  timers.o [4]
pxDelayedTaskList       0x2000'17a0    0x4  Data  Lc  tasks.o [4]
pxOverflowDelayedTaskList
                        0x2000'17a4    0x4  Data  Lc  tasks.o [4]
pxOverflowTimerList     0x2000'17d8    0x4  Data  Lc  timers.o [4]
pxPortInitialiseStack    0x800'26b5   0x28  Code  Gb  port.o [5]
pxReadyTasksLists       0x2000'14a8   0x64  Data  Lc  tasks.o [4]
scalbln                  0x800'12c5         Code  Gb  ldexp.o [9]
scalblnl                 0x800'12c5         Code  Gb  ldexp.o [9]
scalbn                   0x800'12c5         Code  Gb  ldexp.o [9]
scalbnl                  0x800'12c5         Code  Gb  ldexp.o [9]
scale                    0x800'0f3d   0x46  Code  Lc  xprintffull_nomb.o [6]
sec_hand                0x2000'17f8    0x4  Data  Lc  xfail_s.o [6]
sprintf                  0x800'43c1   0x40  Code  Gb  sprintf.o [6]
std::_Array_const_iterator<ILedToggleable *, (unsigned int)4>::_Array_const_iterator(ILedToggleable *const *, unsigned int)
                         0x800'5817    0x8  Code  Wk  main.o [1]
std::_Array_const_iterator<ILedToggleable *, (unsigned int)4>::_Array_const_iterator(ILedToggleable *const *, unsigned int) [subobject]
                         0x800'580f    0x8  Code  Wk  main.o [1]
std::_Array_const_iterator<ILedToggleable *, (unsigned int)4>::operator !=(const std::_Array_const_iterator<ILedToggleable *, (unsigned int)4>&) const
                         0x800'57bb   0x14  Code  Wk  main.o [1]
std::_Array_const_iterator<ILedToggleable *, (unsigned int)4>::operator *() const
                         0x800'57ef    0x4  Code  Wk  main.o [1]
std::_Array_const_iterator<ILedToggleable *, (unsigned int)4>::operator ++()
                         0x800'57f3    0x8  Code  Wk  main.o [1]
std::_Array_const_iterator<ILedToggleable *, (unsigned int)4>::operator ==(const std::_Array_const_iterator<ILedToggleable *, (unsigned int)4>&) const
                         0x800'57fb   0x12  Code  Wk  main.o [1]
std::_Array_iterator<ILedToggleable *, (unsigned int)4>::_Array_iterator(ILedToggleable **, unsigned int)
                         0x800'57e1    0xe  Code  Wk  main.o [1]
std::_Array_iterator<ILedToggleable *, (unsigned int)4>::operator *() const
                         0x800'57a5    0x8  Code  Wk  main.o [1]
std::_Array_iterator<ILedToggleable *, (unsigned int)4>::operator ++()
                         0x800'57ad    0xe  Code  Wk  main.o [1]
std::_Compressed_pair<std::_Wrap_alloc<std::allocator<char>>, std::_String_val<std::_Simple_types<char>>, (bool)1>::_Compressed_pair<const std::allocator<char>&>(std::_One_then_variadic_args_t, const std::allocator<char>& &&,  &&...)
                         0x800'3cd9   0x1c  Code  Wk  MeasureTask.o [3]
std::_Compressed_pair<std::_Wrap_alloc<std::allocator<char>>, std::_String_val<std::_Simple_types<char>>, (bool)1>::_Get_first()
                         0x800'3cf5    0x2  Code  Wk  MeasureTask.o [3]
std::_Compressed_pair<std::_Wrap_alloc<std::allocator<char>>, std::_String_val<std::_Simple_types<char>>, (bool)1>::_Get_first() const
                         0x800'3e65    0x2  Code  Wk  MeasureTask.o [3]
std::_Compressed_pair<std::_Wrap_alloc<std::allocator<char>>, std::_String_val<std::_Simple_types<char>>, (bool)1>::_Get_second()
                         0x800'3d0d    0x2  Code  Wk  MeasureTask.o [3]
std::_Compressed_pair<std::_Wrap_alloc<std::allocator<char>>, std::_String_val<std::_Simple_types<char>>, (bool)1>::_Get_second() const
                         0x800'3dd3    0x2  Code  Wk  MeasureTask.o [3]
std::_Fpz               0x2000'1778   0x10  Data  Gb  ios.o [7]
std::_NomemoryNothrow()
                         0x800'40bd    0x4  Code  Gb  nomemory.o [8]
std::_String_alloc<std::_String_base_types<char, std::allocator<char>>>::_Bx()
                         0x800'39cf    0x8  Code  Wk  MeasureTask.o [3]
std::_String_alloc<std::_String_base_types<char, std::allocator<char>>>::_Get_data()
                         0x800'3a0f    0x8  Code  Wk  MeasureTask.o [3]
std::_String_alloc<std::_String_base_types<char, std::allocator<char>>>::_Get_data() const
                         0x800'3c6d    0x8  Code  Wk  MeasureTask.o [3]
std::_String_alloc<std::_String_base_types<char, std::allocator<char>>>::_Getal()
                         0x800'39d7    0x8  Code  Wk  MeasureTask.o [3]
std::_String_alloc<std::_String_base_types<char, std::allocator<char>>>::_Getal() const
                         0x800'3d39    0x8  Code  Wk  MeasureTask.o [3]
std::_String_alloc<std::_String_base_types<char, std::allocator<char>>>::_Myptr()
                         0x800'3849    0xc  Code  Wk  MeasureTask.o [3]
std::_String_alloc<std::_String_base_types<char, std::allocator<char>>>::_Myptr() const
                         0x800'395b    0xc  Code  Wk  MeasureTask.o [3]
std::_String_alloc<std::_String_base_types<char, std::allocator<char>>>::_Myres()
                         0x800'39c5    0xa  Code  Wk  MeasureTask.o [3]
std::_String_alloc<std::_String_base_types<char, std::allocator<char>>>::_Mysize()
                         0x800'3877    0xa  Code  Wk  MeasureTask.o [3]
std::_String_alloc<std::_String_base_types<char, std::allocator<char>>>::_Mysize() const
                         0x800'3967    0xa  Code  Wk  MeasureTask.o [3]
std::_String_alloc<std::_String_base_types<char, std::allocator<char>>>::_String_alloc(const std::allocator<char>&)
                         0x800'39ad   0x18  Code  Wk  MeasureTask.o [3]
std::_String_alloc<std::_String_base_types<char, std::allocator<char>>>::_String_alloc(const std::allocator<char>&) [subobject]
                         0x800'378d    0x8  Code  Wk  MeasureTask.o [3]
std::_String_val<std::_Simple_types<char>>::_Myptr()
                         0x800'3a17   0x12  Code  Wk  MeasureTask.o [3]
std::_String_val<std::_Simple_types<char>>::_Myptr() const
                         0x800'3c75   0x12  Code  Wk  MeasureTask.o [3]
std::_String_val<std::_Simple_types<char>>::_String_val()
                         0x800'3e09    0xa  Code  Wk  MeasureTask.o [3]
std::_Wrap_alloc<std::allocator<char>>::_Wrap_alloc(const std::allocator<char>&)
                         0x800'3e95    0x2  Code  Wk  MeasureTask.o [3]
std::_Wrap_alloc<std::allocator<char>>::_Wrap_alloc(const std::allocator<char>&) [subobject]
                         0x800'3e01    0x8  Code  Wk  MeasureTask.o [3]
std::_Wrap_alloc<std::allocator<char>>::allocate(unsigned int)
                         0x800'3d49    0x8  Code  Wk  MeasureTask.o [3]
std::_Wrap_alloc<std::allocator<char>>::deallocate(char *, unsigned int)
                         0x800'3a07    0x8  Code  Wk  MeasureTask.o [3]
std::_Wrap_alloc<std::allocator<char>>::max_size(std::_Nil) const
                         0x800'3d41    0x8  Code  Wk  MeasureTask.o [3]
std::_Wrap_facet<std::ctype<char>>::_Wrap_facet()
                         0x800'3775   0x18  Code  Wk  MeasureTask.o [3]
std::_Wrap_facet<std::num_put<char, std::ostreambuf_iterator<char, std::char_traits<char>>>>::_Wrap_facet()
                         0x800'512d   0x18  Code  Wk  MeasureTask.o [3]
std::_Wrap_facet<std::numpunct<char>>::_Wrap_facet()
                         0x800'3855   0x18  Code  Wk  MeasureTask.o [3]
std::_Wrap_facet<std::numpunct<char>>::~_Wrap_facet()
                         0x800'5e35    0xe  Code  Wk  MeasureTask.o [3]
std::__iar_New_hand     0x2000'17f0    0x4  Data  Gb  new.o [8]
std::__iar_cout_guard::~__iar_cout_guard()
                         0x800'5cb5   0x14  Code  Wk  iostream_cout.o [7]
std::__nobasic_filebuf<char, std::char_traits<char>>::__nobasic_filebuf()
                         0x800'51f5   0x5c  Code  Wk  iostream_cout.o [7]
std::__nobasic_filebuf<char, std::char_traits<char>>::overflow(int)
                         0x800'581f   0x38  Code  Wk  iostream_cout.o [7]
std::allocator<char>::allocate(unsigned int)
                         0x800'3e6f    0xc  Code  Wk  MeasureTask.o [3]
std::allocator<char>::deallocate(char *, unsigned int)
                         0x800'3d01    0xc  Code  Wk  MeasureTask.o [3]
std::allocator<char>::max_size() const
                         0x800'3eef    0x6  Code  Wk  MeasureTask.o [3]
std::allocator_traits<std::allocator<char>>::max_size(const std::allocator<char>&)
                         0x800'3e67    0x8  Code  Wk  MeasureTask.o [3]
std::array<ILedToggleable *, (unsigned int)4>::begin()
                         0x800'577d   0x14  Code  Wk  main.o [1]
std::array<ILedToggleable *, (unsigned int)4>::end()
                         0x800'5791   0x14  Code  Wk  main.o [1]
std::array<ILedToggleable *, (unsigned int)4>::operator [](unsigned int)
                         0x800'5739    0x6  Code  Wk  main.o [1]
std::array<IMode *, (unsigned int)2>::operator [](unsigned int)
                         0x800'5a69    0x6  Code  Wk  main.o [1]
std::array<unsigned char, (unsigned int)1>::data()
                         0x800'4d2b    0x2  Code  Wk  main.o [1]
std::array<unsigned int, (unsigned int)256>::data()
                         0x800'4d45    0x2  Code  Wk  main.o [1]
std::char_traits<char>::assign(char &, char const &)
                         0x800'3c57    0x6  Code  Wk  MeasureTask.o [3]
std::char_traits<char>::assign(char *, unsigned int, char)
                         0x800'3c5d   0x10  Code  Wk  MeasureTask.o [3]
std::char_traits<char>::copy(char *, char const *, unsigned int)
                         0x800'39f9    0xe  Code  Wk  MeasureTask.o [3]
std::char_traits<char>::eq_int_type(int const &, int const &)
                         0x800'3cb9   0x12  Code  Wk  MeasureTask.o [3]
std::char_traits<char>::length(char const *)
                         0x800'45b3    0x8  Code  Wk  MeasureTask.o [3]
std::char_traits<char>::move(char *, char const *, unsigned int)
                         0x800'38fb    0xe  Code  Wk  MeasureTask.o [3]
std::char_traits<char>::to_int_type(char const &)
                         0x800'3dfb    0x4  Code  Wk  MeasureTask.o [3]
std::chrono::duration<long long, std::ratio<(long long)1, (long long)1000>>::count() const
                         0x800'5145    0x6  Code  Wk  ButtonTask.o [3]
std::chrono::duration<unsigned int, std::ratio<(long long)10, (long long)1000>>::count() const
                         0x800'5121    0x4  Code  Wk  ButtonTask.o [3]
std::chrono::duration<unsigned int, std::ratio<(long long)10, (long long)1000>>::duration<unsigned int, void>(unsigned int const &)
                         0x800'514b    0x6  Code  Wk  ButtonTask.o [3]
std::cout               0x2000'1438   0x2c  Data  Gb  iostream_cout.o [7]
std::ctype<char> const & std::use_facet<std::ctype<char>>()
                         0x800'3591   0x20  Code  Wk  MeasureTask.o [3]
std::ctype<char> const & std::use_facet<std::ctype<char>>()::_MyFacet
                        0x2000'1794    0x4  Data  Wk  MeasureTask.o [3]
std::ctype<char>::ctype()
                         0x800'3ccd    0xc  Code  Wk  MeasureTask.o [3]
std::ctype<char>::ctype() [subobject]
                         0x800'39a3    0x8  Code  Wk  MeasureTask.o [3]
std::ctype<char>::widen(char const *, char const *, char *) const
                         0x800'35ed   0x12  Code  Wk  MeasureTask.o [3]
std::ctype<char>::widen(char) const
                         0x800'35b1    0x6  Code  Wk  MeasureTask.o [3]
std::enable_if<std::chrono::_Is_duration<std::chrono::duration<unsigned int, std::ratio<(long long)10, (long long)1000>>>::value, std::chrono::duration<unsigned int, std::ratio<(long long)10, (long long)1000>>>::type std::chrono::duration_cast<std::chrono::duration<unsigned int, std::ratio<(long long)10, (long long)1000>>, long long, std::ratio<(long long)1, (long long)1000>>(std::chrono::duration<long long, std::ratio<(long long)1, (long long)1000>> const &)
                         0x800'5105   0x1c  Code  Wk  ButtonTask.o [3]
std::ios::clear(std::_Iosb<int>::_Iostate, bool)
                         0x800'46fb   0x18  Code  Wk  MeasureTask.o [3]
std::ios::fill() const   0x800'4639    0x6  Code  Wk  MeasureTask.o [3]
std::ios::rdbuf() const
                         0x800'463f    0x4  Code  Wk  MeasureTask.o [3]
std::ios::setstate(std::_Iosb<int>::_Iostate, bool)
                         0x800'464d   0x28  Code  Wk  MeasureTask.o [3]
std::ios::tie() const    0x800'469f    0x4  Code  Wk  MeasureTask.o [3]
std::ios::widen(char) const
                         0x800'59af   0x12  Code  Wk  MeasureTask.o [3]
std::ios_base::_Addstd(std::ios_base*)
                         0x800'47cd   0x32  Code  Gb  ios.o [7]
std::ios_base::_Callfns(std::ios_base::event)
                         0x800'47b1   0x1c  Code  Gb  ios.o [7]
std::ios_base::_Init()   0x800'480d   0x1c  Code  Gb  ios.o [7]
std::ios_base::_Tidy()   0x800'4829   0x38  Code  Gb  ios.o [7]
std::ios_base::clear(std::_Iosb<int>::_Iostate, bool)
                         0x800'476d   0x20  Code  Gb  ios.o [7]
std::ios_base::flags() const
                         0x800'3565    0x4  Code  Wk  MeasureTask.o [3]
std::ios_base::good() const
                         0x800'468b   0x14  Code  Wk  MeasureTask.o [3]
std::ios_base::precision() const
                         0x800'429d    0x4  Code  Wk  MeasureTask.o [3]
std::ios_base::rdstate() const
                         0x800'46f7    0x4  Code  Wk  MeasureTask.o [3]
std::ios_base::width() const
                         0x800'36fb    0x4  Code  Wk  MeasureTask.o [3]
std::ios_base::width(int)
                         0x800'375b    0x8  Code  Wk  MeasureTask.o [3]
std::ios_base::~ios_base()
                         0x800'478d   0x24  Code  Gb  ios.o [7]
std::ios_base::~ios_base() [subobject]
                         0x800'4761    0x2  Code  Gb  ios.o [7]
std::num_put<char, std::ostreambuf_iterator<char, std::char_traits<char>>> const & std::use_facet<std::num_put<char, std::ostreambuf_iterator<char, std::char_traits<char>>>>()
                         0x800'5069   0x20  Code  Wk  MeasureTask.o [3]
std::num_put<char, std::ostreambuf_iterator<char, std::char_traits<char>>> const & std::use_facet<std::num_put<char, std::ostreambuf_iterator<char, std::char_traits<char>>>>()::_MyFacet
[...]
std::ostream & std::endl<char, std::char_traits<char>>(std::ostream &)
                         0x800'5981   0x2e  Code  Wk  MeasureTask.o [3]
std::ostream & std::operator <<<std::char_traits<char>>(std::ostream &, char const *)
                         0x800'4401  0x1b2  Code  Wk  MeasureTask.o [3]
std::ostream::_Flush_sentry::_Flush_sentry(std::ostream&)
                         0x800'471b   0x28  Code  Wk  MeasureTask.o [3]
std::ostream::_Flush_sentry::_Flush_sentry(std::ostream&) [subobject]
                         0x800'4683    0x8  Code  Wk  MeasureTask.o [3]
std::ostream::_Flush_sentry::operator bool() const
                         0x800'462d    0x4  Code  Wk  MeasureTask.o [3]
std::ostream::_Flush_sentry::~_Flush_sentry()
                         0x800'474d   0x14  Code  Wk  MeasureTask.o [3]
std::ostream::_Flush_sentry::~_Flush_sentry() [subobject]
                         0x800'4713    0x8  Code  Wk  MeasureTask.o [3]
std::ostream::_Osfx()    0x800'4869   0x54  Code  Wk  MeasureTask.o [3]
std::ostream::_Sentry_base::_Sentry_base(std::ostream&)
                         0x800'48c9   0x48  Code  Wk  MeasureTask.o [3]
std::ostream::_Sentry_base::_Sentry_base(std::ostream&) [subobject]
                         0x800'4861    0x8  Code  Wk  MeasureTask.o [3]
std::ostream::_Sentry_base::~_Sentry_base()
                         0x800'4911   0x46  Code  Wk  MeasureTask.o [3]
std::ostream::_Sentry_base::~_Sentry_base() [subobject]
                         0x800'48bd    0x8  Code  Wk  MeasureTask.o [3]
std::ostream::flush()    0x800'46a3   0x54  Code  Wk  MeasureTask.o [3]
std::ostream::operator <<(float)
                         0x800'4f49   0xba  Code  Wk  MeasureTask.o [3]
std::ostream::operator <<(std::ostream&(*)(std::ostream&))
                         0x800'5003    0x6  Code  Wk  MeasureTask.o [3]
std::ostream::put(char)
                         0x800'535b   0x76  Code  Wk  MeasureTask.o [3]
std::ostream::sentry::sentry(std::ostream&)
                         0x800'45bb   0x72  Code  Wk  MeasureTask.o [3]
std::ostream::sentry::~sentry()
                         0x800'4675    0xe  Code  Wk  MeasureTask.o [3]
std::ostream::~basic_ostream()
                         0x800'5e4b    0xe  Code  Wk  iostream_cout.o [7]
std::ostreambuf_iterator<char, std::char_traits<char>>::failed() const
                         0x800'5101    0x4  Code  Wk  MeasureTask.o [3]
std::ostreambuf_iterator<char, std::char_traits<char>>::operator *()
                         0x800'3971    0x2  Code  Wk  MeasureTask.o [3]
std::ostreambuf_iterator<char, std::char_traits<char>>::operator ++()
                         0x800'39a1    0x2  Code  Wk  MeasureTask.o [3]
std::ostreambuf_iterator<char, std::char_traits<char>>::operator =(char)
                         0x800'3973   0x2e  Code  Wk  MeasureTask.o [3]
std::ostreambuf_iterator<char, std::char_traits<char>>::ostreambuf_iterator(std::streambuf *)
                         0x800'5089    0x8  Code  Wk  MeasureTask.o [3]
std::remove_reference<char *&>::type && std::move<char *&>(char *& &&)
                         0x800'3d51    0x2  Code  Wk  MeasureTask.o [3]
std::streambuf::_Lock()
                         0x800'13ff    0x2  Code  Wk  iostream_cout.o [7]
std::streambuf::_Pnavail() const
                         0x800'3dd5   0x18  Code  Wk  MeasureTask.o [3]
std::streambuf::_Pninc()
                         0x800'3ded    0xe  Code  Wk  MeasureTask.o [3]
std::streambuf::_Unlock()
                         0x800'1437    0x2  Code  Wk  iostream_cout.o [7]
std::streambuf::overflow(int)
                         0x800'10e7    0x6  Code  Wk  iostream_cout.o [7]
std::streambuf::pubsync()
                         0x800'4743    0xa  Code  Wk  MeasureTask.o [3]
std::streambuf::sputc(char)
                         0x800'3c87   0x32  Code  Wk  MeasureTask.o [3]
std::streambuf::sputn(char const *, int)
                         0x800'4643    0xa  Code  Wk  MeasureTask.o [3]
std::streambuf::sync()   0x800'5f49    0x4  Code  Wk  iostream_cout.o [7]
std::streambuf::xsputn(char const *, int)
                         0x800'53d1   0x5e  Code  Wk  iostream_cout.o [7]
std::string::_Chassign(unsigned int, unsigned int, char)
                         0x800'3909   0x2a  Code  Wk  MeasureTask.o [3]
std::string::_Copy(unsigned int, unsigned int)
                         0x800'3ae9   0xd6  Code  Wk  MeasureTask.o [3]
std::string::_Eos(unsigned int)
                         0x800'3933   0x28  Code  Wk  MeasureTask.o [3]
std::string::_Grow(unsigned int, bool)
                         0x800'3881   0x7a  Code  Wk  MeasureTask.o [3]
std::string::_Inside(char const *)
                         0x800'550f   0x32  Code  Wk  MeasureTask.o [3]
std::string::_Tidy(bool, unsigned int)
                         0x800'3795   0x7a  Code  Wk  MeasureTask.o [3]
std::string::assign(char const *)
                         0x800'5b2d   0x18  Code  Wk  MeasureTask.o [3]
std::string::assign(char const *, unsigned int)
                         0x800'54bd   0x52  Code  Wk  MeasureTask.o [3]
std::string::assign(const std::string&, unsigned int, unsigned int)
                         0x800'5251   0x7c  Code  Wk  MeasureTask.o [3]
std::string::assign(unsigned int, char)
                         0x800'380f   0x3a  Code  Wk  MeasureTask.o [3]
std::string::basic_string(char const *)
                         0x800'5b09   0x24  Code  Wk  MeasureTask.o [3]
std::string::basic_string(unsigned int, char)
                         0x800'35b7   0x2a  Code  Wk  MeasureTask.o [3]
std::string::erase(unsigned int)
                         0x800'52cd   0x22  Code  Wk  MeasureTask.o [3]
std::string::erase(unsigned int, unsigned int)
                         0x800'52ef   0x6c  Code  Wk  MeasureTask.o [3]
std::string::insert(unsigned int, unsigned int, char)
                         0x800'3645   0x96  Code  Wk  MeasureTask.o [3]
std::string::max_size() const
                         0x800'3ad1   0x18  Code  Wk  MeasureTask.o [3]
std::string::operator [](unsigned int)
                         0x800'35e1    0xc  Code  Wk  MeasureTask.o [3]
std::string::operator [](unsigned int) const
                         0x800'36e5    0xc  Code  Wk  MeasureTask.o [3]
std::string::size() const
                         0x800'36f1    0xa  Code  Wk  MeasureTask.o [3]
std::string::~basic_string()
                         0x800'3763   0x12  Code  Wk  MeasureTask.o [3]
strchr                   0x800'1051         Code  Gb  strchr.o [10]
strcspn                  0x800'356f   0x22  Code  Gb  strcspn.o [6]
strlen                   0x800'10b1         Code  Gb  strlen.o [10]
treeMode                0x2000'0028    0x8  Data  Gb  main.o [1]
ucMaxSysCallPriority    0x2000'17ff    0x1  Data  Lc  port.o [5]
ulMaxPRIGROUPValue      0x2000'1798    0x4  Data  Lc  port.o [5]
unsigned int RegisterBase<(unsigned int)1073815628, (unsigned int)32, ReadMode>::Get<ReadMode, void>()
                         0x800'505d    0xc  Code  Wk  MeasureTask.o [3]
uxCriticalNesting       0x2000'0044    0x4  Data  Lc  port.o [5]
uxCurrentNumberOfTasks  0x2000'17a8    0x4  Data  Lc  tasks.o [4]
uxListRemove             0x800'268f   0x26  Code  Gb  list.o [4]
uxPendedTicks           0x2000'17b8    0x4  Data  Lc  tasks.o [4]
uxSchedulerSuspended    0x2000'17d0    0x4  Data  Lc  tasks.o [4]
uxTaskNumber            0x2000'17c4    0x4  Data  Lc  tasks.o [4]
uxTopReadyPriority      0x2000'17b0    0x4  Data  Lc  tasks.o [4]
vApplicationGetIdleTaskMemory
                         0x800'25b3    0xe  Code  Gb  tasks.o [4]
vApplicationGetIdleTaskMemory::uxIdleTaskStack
                        0x2000'1198  0x200  Data  Lc  tasks.o [4]
vApplicationGetIdleTaskMemory::xIdleTaskTCB
                        0x2000'155c   0x50  Data  Lc  tasks.o [4]
vApplicationGetTimerTaskMemory
                         0x800'25c5   0x10  Code  Gb  tasks.o [4]
vApplicationGetTimerTaskMemory::uxTimerTaskStack
                        0x2000'0d98  0x400  Data  Lc  tasks.o [4]
vApplicationGetTimerTaskMemory::xTimerTaskTCB
                        0x2000'15ac   0x50  Data  Lc  tasks.o [4]
vListInitialise          0x800'261d   0x1e  Code  Gb  list.o [4]
vListInitialiseItem      0x800'263b    0x6  Code  Gb  list.o [4]
vListInsert              0x800'2659   0x36  Code  Gb  list.o [4]
vListInsertEnd           0x800'2641   0x18  Code  Gb  list.o [4]
vPortEnableVFP           0x800'2c59         Code  Gb  portasm.o [5]
vPortEnterCritical       0x800'2775   0x22  Code  Gb  port.o [5]
vPortExitCritical        0x800'2797   0x16  Code  Gb  port.o [5]
vPortSVCHandler          0x800'2c25         Code  Gb  portasm.o [5]
vPortSetupTimerInterrupt
                         0x800'2ba9   0x24  Code  Wk  port.o [5]
vPortStartFirstTask      0x800'2c41         Code  Gb  portasm.o [5]
vPortValidateInterruptPriority
                         0x800'27d9   0x14  Code  Gb  port.o [5]
vQueueAddToRegistry      0x800'3217   0x24  Code  Gb  queue.o [4]
vQueueDelete             0x800'30b7    0x8  Code  Gb  queue.o [4]
vQueueUnregisterQueue    0x800'323b   0x26  Code  Gb  queue.o [4]
vQueueWaitForMessageRestricted
                         0x800'326d   0x4a  Code  Gb  queue.o [4]
vTaskDelay               0x800'1f5b   0x38  Code  Gb  tasks.o [4]
vTaskMissedYield         0x800'234f    0xa  Code  Gb  tasks.o [4]
vTaskPlaceOnEventList    0x800'2237   0x1a  Code  Gb  tasks.o [4]
vTaskPlaceOnEventListRestricted
                         0x800'2251   0x24  Code  Gb  tasks.o [4]
vTaskPriorityInherit     0x800'23f7   0x8a  Code  Gb  tasks.o [4]
vTaskSetTimeOutState     0x800'22e3   0x12  Code  Gb  tasks.o [4]
vTaskStartScheduler      0x800'1f93   0x82  Code  Gb  tasks.o [4]
vTaskSuspendAll          0x800'2015    0xc  Code  Gb  tasks.o [4]
vTaskSwitchContext       0x800'21df   0x58  Code  Gb  tasks.o [4]
void FieldValueBase<ADC1_CR1_RES_Values<ADC1::CR1, (unsigned int)24, (unsigned int)2, ReadWriteMode, ADC1::ADC1CR1Base>, ADC1::ADC1CR1Base, (unsigned int)0>::Set<ReadWriteMode, void>()
                         0x800'4c0d   0x10  Code  Wk  main.o [1]
void FieldValueBase<ADC1_CR2_ADON_Values<ADC1::CR2, (unsigned int)0, (unsigned int)1, ReadWriteMode, ADC1::ADC1CR2Base>, ADC1::ADC1CR2Base, (unsigned int)1>::Set<ReadWriteMode, void>()
                         0x800'5025   0x14  Code  Wk  MeasureTask.o [3]
void FieldValueBase<ADC1_CR2_CONT_Values<ADC1::CR2, (unsigned int)1, (unsigned int)1, ReadWriteMode, ADC1::ADC1CR2Base>, ADC1::ADC1CR2Base, (unsigned int)0>::Set<ReadWriteMode, void>()
                         0x800'4c55   0x10  Code  Wk  main.o [1]
void FieldValueBase<ADC1_CR2_EOCS_Values<ADC1::CR2, (unsigned int)10, (unsigned int)1, ReadWriteMode, ADC1::ADC1CR2Base>, ADC1::ADC1CR2Base, (unsigned int)1>::Set<ReadWriteMode, void>()
                         0x800'4c65   0x14  Code  Wk  main.o [1]
void FieldValueBase<ADC1_CR2_SWSTART_Values<ADC1::CR2, (unsigned int)30, (unsigned int)1, ReadWriteMode, ADC1::ADC1CR2Base>, ADC1::ADC1CR2Base, (unsigned int)1>::Set<ReadWriteMode, void>()
                         0x800'5039   0x14  Code  Wk  MeasureTask.o [3]
void FieldValueBase<ADC1_SMPR1_SMPx_x_Values<ADC1::SMPR1, (unsigned int)24, (unsigned int)3, ReadWriteMode, ADC1::ADC1SMPR1Base>, ADC1::ADC1SMPR1Base, (unsigned int)4>::Set<ReadWriteMode, void>()
                         0x800'4c41   0x14  Code  Wk  main.o [1]
void FieldValueBase<ADC1_SQR1_L_Values<ADC1::SQR1, (unsigned int)20, (unsigned int)4, ReadWriteMode, ADC1::ADC1SQR1Base>, ADC1::ADC1SQR1Base, (unsigned int)0>::Set<ReadWriteMode, void>()
                         0x800'4c1d   0x10  Code  Wk  main.o [1]
void FieldValueBase<ADC1_SQR3_SQ1_Values<ADC1::SQR3, (unsigned int)0, (unsigned int)5, ReadWriteMode, ADC1::ADC1SQR3Base>, ADC1::ADC1SQR3Base, (unsigned int)18>::Set<ReadWriteMode, void>()
                         0x800'4c2d   0x14  Code  Wk  main.o [1]
void FieldValueBase<ADC_Common_CCR_TSVREFE_Values<ADC_Common::CCR, (unsigned int)23, (unsigned int)1, ReadWriteMode, ADC_Common::ADC_CommonCCRBase>, ADC_Common::ADC_CommonCCRBase, (unsigned int)1>::Set<ReadWriteMode, void>()
                         0x800'4bf9   0x14  Code  Wk  main.o [1]
void FieldValueBase<GPIOA_MODER_MODER15_Values<GPIOA::MODER, (unsigned int)10, (unsigned int)2, ReadWriteMode, GPIOA::GPIOAMODERBase>, GPIOA::GPIOAMODERBase, (unsigned int)1>::Set<ReadWriteMode, void>()
                         0x800'4c79   0x14  Code  Wk  main.o [1]
void FieldValueBase<RCC_CFGR_SW_Values<RCC::CFGR, (unsigned int)0, (unsigned int)2, ReadWriteMode, RCC::RCCCFGRBase>, RCC::RCCCFGRBase, (unsigned int)0>::Set<ReadWriteMode, void>()
                         0x800'4ba9   0x10  Code  Wk  main.o [1]
void FieldValueBase<RCC_CR_HSION_Values<RCC::CR, (unsigned int)0, (unsigned int)1, ReadWriteMode, RCC::RCCCRBase>, RCC::RCCCRBase, (unsigned int)1>::Set<ReadWriteMode, void>()
                         0x800'4b7d   0x14  Code  Wk  main.o [1]
void OsWrapper::Rtos::CreateThread<ButtonTask>(ButtonTask &, char const *, OsWrapper::ThreadPriority)
                         0x800'4ccd   0x24  Code  Wk  main.o [1]
void OsWrapper::Rtos::CreateThread<LedManagerTask>(LedManagerTask &, char const *, OsWrapper::ThreadPriority)
                         0x800'4ca9   0x24  Code  Wk  main.o [1]
void OsWrapper::Rtos::CreateThread<MeasureTask>(MeasureTask &, char const *, OsWrapper::ThreadPriority)
                         0x800'4cf1   0x24  Code  Wk  main.o [1]
void OsWrapper::RtosWrapper::wCreateThread<OsWrapper::Rtos, ButtonTask>(ButtonTask &, char const *, OsWrapper::ThreadPriority, unsigned short, unsigned int *)
                         0x800'4d75   0x2c  Code  Wk  main.o [1]
void OsWrapper::RtosWrapper::wCreateThread<OsWrapper::Rtos, LedManagerTask>(LedManagerTask &, char const *, OsWrapper::ThreadPriority, unsigned short, unsigned int *)
                         0x800'4d49   0x2c  Code  Wk  main.o [1]
void OsWrapper::RtosWrapper::wCreateThread<OsWrapper::Rtos, MeasureTask>(MeasureTask &, char const *, OsWrapper::ThreadPriority, unsigned short, unsigned int *)
                         0x800'4da1   0x2c  Code  Wk  main.o [1]
void Register<(unsigned int)1073874944, (unsigned int)32, ReadWriteMode, GPIOC::GPIOCMODERBase, FieldValue<GPIOC_MODER_MODER15_Values<GPIOC::MODER, (unsigned int)10, (unsigned int)2, ReadWriteMode, GPIOC::GPIOCMODERBase>, GPIOC::GPIOCMODERBase, (unsigned int)1, void>, FieldValue<GPIOC_MODER_MODER15_Values<GPIOC::MODER, (unsigned int)16, (unsigned int)2, ReadWriteMode, GPIOC::GPIOCMODERBase>, GPIOC::GPIOCMODERBase, (unsigned int)1, void>, FieldValue<GPIOC_MODER_MODER15_Values<GPIOC::MODER, (unsigned int)18, (unsigned int)2, ReadWriteMode, GPIOC::GPIOCMODERBase>, GPIOC::GPIOCMODERBase, (unsigned int)1, void>>::Set<ReadWriteMode, void>()
                         0x800'4c8d   0x1c  Code  Wk  main.o [1]
void Register<(unsigned int)1073887280, (unsigned int)32, ReadWriteMode, RCC::RCCAHB1ENRBase, FieldValue<RCC_AHB1ENR_GPIOCEN_Values<RCC::AHB1ENR, (unsigned int)2, (unsigned int)1, ReadWriteMode, RCC::RCCAHB1ENRBase>, RCC::RCCAHB1ENRBase, (unsigned int)1, void>, FieldValue<RCC_AHB1ENR_GPIOAEN_Values<RCC::AHB1ENR, (unsigned int)0, (unsigned int)1, ReadWriteMode, RCC::RCCAHB1ENRBase>, RCC::RCCAHB1ENRBase, (unsigned int)1, void>>::Set<ReadWriteMode, void>()
                         0x800'4bd1   0x14  Code  Wk  main.o [1]
void Register<(unsigned int)1073887300, (unsigned int)32, ReadWriteMode, RCC::RCCAPB2ENRBase, FieldValue<RCC_AHB1ENR_DMA2EN_Values<RCC::APB2ENR, (unsigned int)8, (unsigned int)1, ReadWriteMode, RCC::RCCAPB2ENRBase>, RCC::RCCAPB2ENRBase, (unsigned int)1, void>, FieldValue<RCC_AHB1ENR_DMA2EN_Values<RCC::APB2ENR, (unsigned int)14, (unsigned int)1, ReadWriteMode, RCC::RCCAPB2ENRBase>, RCC::RCCAPB2ENRBase, (unsigned int)1, void>>::Set<ReadWriteMode, void>()
                         0x800'4be5   0x14  Code  Wk  main.o [1]
void std::_Deallocate<char>(char *, unsigned int)
                         0x800'3e15    0x8  Code  Wk  MeasureTask.o [3]
void std::_Wrap_alloc<std::allocator<char>>::construct<char *, char *>(char * *, char * &&...)
                         0x800'3d53   0x18  Code  Wk  MeasureTask.o [3]
void std::_Wrap_alloc<std::allocator<char>>::destroy<char *>(char * *)
                         0x800'39df    0x8  Code  Wk  MeasureTask.o [3]
void std::allocator<char>::construct<char *, char *>(char * *, char * &&...)
                         0x800'3f07   0x20  Code  Wk  MeasureTask.o [3]
void std::allocator<char>::destroy<char *>(char * *)
                         0x800'3e13    0x2  Code  Wk  MeasureTask.o [3]
void std::allocator_traits<std::allocator<char>>::construct<char *, char *>(std::allocator<char>&, char * *, char * &&...)
                         0x800'3e7d   0x18  Code  Wk  MeasureTask.o [3]
void std::allocator_traits<std::allocator<char>>::destroy<char *>(std::allocator<char>&, char * *)
                         0x800'3cf7    0x8  Code  Wk  MeasureTask.o [3]
void std::numpunct<char>::_Getvals<char>(char)
                         0x800'3ed5   0x1a  Code  Wk  MeasureTask.o [3]
xActiveTimerList1       0x2000'1750   0x14  Data  Lc  timers.o [4]
xActiveTimerList2       0x2000'1764   0x14  Data  Lc  timers.o [4]
xDelayedTaskList1       0x2000'1700   0x14  Data  Lc  tasks.o [4]
xDelayedTaskList2       0x2000'1714   0x14  Data  Lc  tasks.o [4]
xIdleTaskHandle         0x2000'17cc    0x4  Data  Lc  tasks.o [4]
xNextTaskUnblockTime    0x2000'17c8    0x4  Data  Lc  tasks.o [4]
xNumOfOverflows         0x2000'17c0    0x4  Data  Lc  tasks.o [4]
xPendingReadyList       0x2000'1728   0x14  Data  Lc  tasks.o [4]
xPortPendSVHandler       0x800'2bcd         Code  Gb  portasm.o [5]
xPortStartScheduler      0x800'26ed   0x88  Code  Gb  port.o [5]
xPortSysTickHandler      0x800'27ad   0x28  Code  Gb  port.o [5]
xQueueGenericCreateStatic
                         0x800'2cf3   0x38  Code  Gb  queue.o [4]
xQueueGenericReceive     0x800'2f27  0x190  Code  Gb  queue.o [4]
xQueueGenericReset       0x800'2c75   0x7e  Code  Gb  queue.o [4]
xQueueGenericSend        0x800'2d47  0x142  Code  Gb  queue.o [4]
xQueueGenericSendFromISR
                         0x800'2e89   0x9e  Code  Gb  queue.o [4]
xQueueRegistry          0x2000'1644   0x40  Data  Gb  queue.o [4]
xSchedulerRunning       0x2000'17b4    0x4  Data  Lc  tasks.o [4]
xSuspendedTaskList      0x2000'173c   0x14  Data  Lc  tasks.o [4]
xTaskCheckForTimeOut     0x800'22f5   0x5a  Code  Gb  tasks.o [4]
xTaskCreateStatic        0x800'1df9   0x36  Code  Gb  tasks.o [4]
xTaskGetSchedulerState   0x800'23d9   0x1e  Code  Gb  tasks.o [4]
xTaskGetTickCount        0x800'20f1    0x8  Code  Gb  tasks.o [4]
xTaskIncrementTick       0x800'20f9   0xe6  Code  Gb  tasks.o [4]
xTaskPriorityDisinherit
                         0x800'2481   0x7e  Code  Gb  tasks.o [4]
xTaskRemoveFromEventList
                         0x800'2275   0x6e  Code  Gb  tasks.o [4]
xTaskResumeAll           0x800'2021   0xd0  Code  Gb  tasks.o [4]
xTickCount              0x2000'17ac    0x4  Data  Lc  tasks.o [4]
xTimerCreateTimerTask    0x800'2815   0x56  Code  Gb  timers.o [4]
xTimerGenericCommand     0x800'286b   0x50  Code  Gb  timers.o [4]
xTimerQueue             0x2000'17dc    0x4  Data  Lc  timers.o [4]
xTimerTaskHandle        0x2000'17e0    0x4  Data  Lc  timers.o [4]
xYieldPending           0x2000'17bc    0x4  Data  Lc  tasks.o [4]


[1] = D:\RtosWrapper\minor-labs\repo\RtosWrapper\Debug\Obj
[2] = D:\RtosWrapper\minor-labs\repo\RtosWrapper\Debug\Obj\Application\Implementation
[3] = D:\RtosWrapper\minor-labs\repo\RtosWrapper\Debug\Obj\MyTasks
[4] = D:\RtosWrapper\minor-labs\repo\RtosWrapper\Debug\Obj\Rtos\FreeRtos
[5] = D:\RtosWrapper\minor-labs\repo\RtosWrapper\Debug\Obj\Rtos\FreeRtos\portable\IAR\ARM_CM4F
[6] = dl7M_tln.a
[7] = dlpp7M_tls_nc.a
[8] = dlpprt7M_tl_nc.a
[9] = m7M_tls.a
[10] = rt7M_tl.a
[11] = shb_l.a

  22'937 bytes of readonly  code memory
   1'456 bytes of readonly  data memory
  14'771 bytes of readwrite data memory

Errors: none
Warnings: none
