###############################################################################
#
# IAR ANSI C/C++ Compiler V9.30.1.335/W64 for ARM         12/Apr/2025  12:57:57
# Copyright 1999-2022 IAR Systems AB.
#
#    Cpu mode                     =  thumb
#    Endian                       =  little
#    Source file                  =
#        C:\projects\micro\RtosWrapper\MyTasks\LedButton.cpp
#    Command line                 =
#        -f C:\projects\micro\RtosWrapper\Debug\Obj\MyTasks\LedButton.o.rsp
#        (C:\projects\micro\RtosWrapper\MyTasks\LedButton.cpp -lC
#        C:\projects\micro\RtosWrapper\Debug\List\MyTasks -lA
#        C:\projects\micro\RtosWrapper\Debug\List\MyTasks -o
#        C:\projects\micro\RtosWrapper\Debug\Obj\MyTasks --no_cse --no_unroll
#        --no_inline --no_code_motion --no_tbaa --no_clustering --no_scheduling
#        --debug --endian=little --cpu=Cortex-M4 -e --fpu=VFPv4_sp
#        --dlib_config "C:\Program Files\IAR Systems\Embedded Workbench
#        9.1\arm\inc\c\DLib_Config_Normal.h" -I
#        C:\projects\micro\RtosWrapper\Rtos\ -I
#        C:\projects\micro\RtosWrapper\Rtos\wrapper\ -I
#        C:\projects\micro\RtosWrapper\Rtos\wrapper\FreeRtos\ -I
#        C:\projects\micro\RtosWrapper\Rtos\FreeRtos\ -I
#        C:\projects\micro\RtosWrapper\Rtos\FreeRtos\include\ -I
#        C:\projects\micro\RtosWrapper\Rtos\FreeRtos\portable\ -I
#        C:\projects\micro\RtosWrapper\Rtos\FreeRtos\portable\Common\ -I
#        C:\projects\micro\RtosWrapper\Rtos\FreeRtos\portable\IAR\ -I
#        C:\projects\micro\RtosWrapper\Rtos\FreeRtos\portable\IAR\ARM_CM4F\ -I
#        C:\projects\micro\RtosWrapper\Rtos\FreeRtos\portable\MemMang\ -I
#        C:\projects\micro\RtosWrapper\MyTasks\ -I
#        C:\projects\micro\RtosWrapper\Common\ -I
#        C:\projects\micro\RtosWrapper\CMSIS\ -I
#        C:\projects\micro\RtosWrapper\Application\ -I
#        C:\projects\micro\RtosWrapper\Application\Diagnostic\ -I
#        C:\projects\micro\RtosWrapper\AHardware\ -I
#        C:\projects\micro\RtosWrapper\AHardware\GpioPort\ -I
#        C:\projects\micro\RtosWrapper\AHardware\IrqController\ -I
#        C:\projects\micro\RtosWrapper\..\CortexLib\AbstractHardware\Pin\ -I
#        C:\projects\micro\RtosWrapper\..\CortexLib\AbstractHardware\Registers\STM32F411\FieldValues\
#        -I
#        C:\projects\micro\RtosWrapper\..\CortexLib\AbstractHardware\Registers\STM32F411\
#        -I
#        C:\projects\micro\RtosWrapper\..\CortexLib\AbstractHardware\Registers\
#        -I C:\projects\micro\RtosWrapper\..\CortexLib\AbstractHardware\Port\
#        -I C:\projects\micro\RtosWrapper\..\CortexLib\AbstractHardware\Atomic\
#        -I C:\projects\micro\RtosWrapper\..\CortexLib\Common\ -I
#        C:\projects\micro\RtosWrapper\..\CortexLib\Common\Singleton\ -I
#        C:\projects\micro\RtosWrapper\..\CortexLib\Common\RomObject\ -I
#        C:\projects\micro\RtosWrapper\Application\Implementation\ -I
#        C:\projects\micro\RtosWrapper\Application\Contracts\ -I
#        C:\projects\micro\RtosWrapper\Application\Implementation\Modes\ -Ol
#        --c++ --no_exceptions --no_rtti) --dependencies=n
#        C:\projects\micro\RtosWrapper\Debug\Obj\MyTasks\LedButton.o.d
#    Locale                       =  C
#    List file                    =
#        C:\projects\micro\RtosWrapper\Debug\List\MyTasks\LedButton.lst
#    Object file                  =
#        C:\projects\micro\RtosWrapper\Debug\Obj\MyTasks\LedButton.o
#    Runtime model:                  
#      __CPP_Exceptions           =  Disabled
#      __CPP_Language             =  C++14
#      __CPP_Library              =  DLib
#      __CPP_Runtime              =  1
#      __SystemLibrary            =  DLib
#      __dlib_file_descriptor     =  0
#      __dlib_full_locale_support =  0
#      __dlib_version             =  6
#
###############################################################################

C:\projects\micro\RtosWrapper\MyTasks\LedButton.cpp
      1          #include "LedButton.hpp"
      2          /*
      3          void LedButton::Execute()
      4          {
      5            for (;;)
      6            {
      7              
      8            }
      9          }
     10          */


   Section sizes:

   Bytes  Function/Label
   -----  --------------
      24  -- Other

 
 24 bytes in section .rodata
 
 0 bytes of CONST memory (+ 24 bytes shared)

Errors: none
Warnings: none
