###############################################################################
#
# IAR ANSI C/C++ Compiler V9.30.1.335/W64 for ARM         20/Jun/2025  22:26:53
# Copyright 1999-2022 IAR Systems AB.
#
#    Cpu mode                     =  thumb
#    Endian                       =  little
#    Source file                  =
#        D:\RtosWrapper\minor-labs\repo\RtosWrapper\MyTasks\LedManagerTask.cpp
#    Command line                 =
#        -f
#        D:\RtosWrapper\minor-labs\repo\RtosWrapper\Debug\Obj\MyTasks\LedManagerTask.o.rsp
#        (D:\RtosWrapper\minor-labs\repo\RtosWrapper\MyTasks\LedManagerTask.cpp
#        -lC D:\RtosWrapper\minor-labs\repo\RtosWrapper\Debug\List\MyTasks -lA
#        D:\RtosWrapper\minor-labs\repo\RtosWrapper\Debug\List\MyTasks -o
#        D:\RtosWrapper\minor-labs\repo\RtosWrapper\Debug\Obj\MyTasks --no_cse
#        --no_unroll --no_inline --no_code_motion --no_tbaa --no_clustering
#        --no_scheduling --debug --endian=little --cpu=Cortex-M4 -e
#        --fpu=VFPv4_sp --dlib_config "C:\Program Files\IAR Systems\Embedded
#        Workbench 9.1\arm\inc\c\DLib_Config_Normal.h" -I
#        D:\RtosWrapper\minor-labs\repo\RtosWrapper\Rtos\ -I
#        D:\RtosWrapper\minor-labs\repo\RtosWrapper\Rtos\wrapper\ -I
#        D:\RtosWrapper\minor-labs\repo\RtosWrapper\Rtos\wrapper\FreeRtos\ -I
#        D:\RtosWrapper\minor-labs\repo\RtosWrapper\Rtos\FreeRtos\ -I
#        D:\RtosWrapper\minor-labs\repo\RtosWrapper\Rtos\FreeRtos\include\ -I
#        D:\RtosWrapper\minor-labs\repo\RtosWrapper\Rtos\FreeRtos\portable\ -I
#        D:\RtosWrapper\minor-labs\repo\RtosWrapper\Rtos\FreeRtos\portable\Common\
#        -I
#        D:\RtosWrapper\minor-labs\repo\RtosWrapper\Rtos\FreeRtos\portable\IAR\
#        -I
#        D:\RtosWrapper\minor-labs\repo\RtosWrapper\Rtos\FreeRtos\portable\IAR\ARM_CM4F\
#        -I
#        D:\RtosWrapper\minor-labs\repo\RtosWrapper\Rtos\FreeRtos\portable\MemMang\
#        -I D:\RtosWrapper\minor-labs\repo\RtosWrapper\MyTasks\ -I
#        D:\RtosWrapper\minor-labs\repo\RtosWrapper\Common\ -I
#        D:\RtosWrapper\minor-labs\repo\RtosWrapper\CMSIS\ -I
#        D:\RtosWrapper\minor-labs\repo\RtosWrapper\Application\ -I
#        D:\RtosWrapper\minor-labs\repo\RtosWrapper\Application\Diagnostic\ -I
#        D:\RtosWrapper\minor-labs\repo\RtosWrapper\AHardware\ -I
#        D:\RtosWrapper\minor-labs\repo\RtosWrapper\AHardware\GpioPort\ -I
#        D:\RtosWrapper\minor-labs\repo\RtosWrapper\AHardware\IrqController\ -I
#        D:\RtosWrapper\minor-labs\repo\RtosWrapper\..\CortexLib\AbstractHardware\Pin\
#        -I
#        D:\RtosWrapper\minor-labs\repo\RtosWrapper\..\CortexLib\AbstractHardware\Registers\STM32F411\FieldValues\
#        -I
#        D:\RtosWrapper\minor-labs\repo\RtosWrapper\..\CortexLib\AbstractHardware\Registers\STM32F411\
#        -I
#        D:\RtosWrapper\minor-labs\repo\RtosWrapper\..\CortexLib\AbstractHardware\Registers\
#        -I
#        D:\RtosWrapper\minor-labs\repo\RtosWrapper\..\CortexLib\AbstractHardware\Port\
#        -I
#        D:\RtosWrapper\minor-labs\repo\RtosWrapper\..\CortexLib\AbstractHardware\Atomic\
#        -I D:\RtosWrapper\minor-labs\repo\RtosWrapper\..\CortexLib\Common\ -I
#        D:\RtosWrapper\minor-labs\repo\RtosWrapper\..\CortexLib\Common\Singleton\
#        -I
#        D:\RtosWrapper\minor-labs\repo\RtosWrapper\..\CortexLib\Common\RomObject\
#        -I
#        D:\RtosWrapper\minor-labs\repo\RtosWrapper\Application\Implementation\
#        -I D:\RtosWrapper\minor-labs\repo\RtosWrapper\Application\Contracts\
#        -I
#        D:\RtosWrapper\minor-labs\repo\RtosWrapper\Application\Implementation\Modes\
#        -I
#        D:\RtosWrapper\minor-labs\repo\RtosWrapper\Application\Implementation\
#        -Ol --c++ --no_exceptions --no_rtti) --dependencies=n
#        D:\RtosWrapper\minor-labs\repo\RtosWrapper\Debug\Obj\MyTasks\LedManagerTask.o.d
#    Locale                       =  C
#    List file                    =
#        D:\RtosWrapper\minor-labs\repo\RtosWrapper\Debug\List\MyTasks\LedManagerTask.lst
#    Object file                  =
#        D:\RtosWrapper\minor-labs\repo\RtosWrapper\Debug\Obj\MyTasks\LedManagerTask.o
#    Runtime model:                  
#      __CPP_Exceptions           =  Disabled
#      __CPP_Language             =  C++14
#      __CPP_Library              =  DLib
#      __CPP_Runtime              =  1
#      __SystemLibrary            =  DLib
#      __dlib_file_descriptor     =  0
#      __dlib_full_locale_support =  0
#      __dlib_version             =  6
#
###############################################################################

D:\RtosWrapper\minor-labs\repo\RtosWrapper\MyTasks\LedManagerTask.cpp
      1          #include "LedManagerTask.hpp"

   \                                 In section .text, align 2
   \   __vfp OsWrapper::TicksPerSecond std::chrono::duration_cast<OsWrapper::TicksPerSecond, __int64_t, std::milli>(std::chrono::duration<__int64_t, std::milli> const &)
   \                     _ZNSt6chrono13duration_castINS_8durationIjSt5ratioILx10ELx1000EEEExS2_ILx1ELx1000EEEENSt9enable_ifIXsr3std6chrono12_Is_durationIT_EE5valueES7_E4typeERKNS1_IT0_T1_EE: (+1)
   \        0x0   0xB5E0             PUSH     {R5-R7,LR}
   \        0x2   0x.... 0x....      BL       _ZNKSt6chrono8durationIxSt5ratioILx1ELx1000EEE5countEv
   \        0x6   0x220A             MOVS     R2,#+10
   \        0x8   0x2300             MOVS     R3,#+0
   \        0xA   0x.... 0x....      BL       __aeabi_ldivmod
   \        0xE   0x9000             STR      R0,[SP, #+0]
   \       0x10   0x4669             MOV      R1,SP
   \       0x12   0xA801             ADD      R0,SP,#+4
   \       0x14   0x.... 0x....      BL       _ZNSt6chrono8durationIjSt5ratioILx10ELx1000EEEC1IjvEERKT_
   \       0x18   0x9801             LDR      R0,[SP, #+4]
   \       0x1A   0xBD0E             POP      {R1-R3,PC}

   \                                 In section .text, align 2
   \   __vfp std::chrono::duration<uint32_t, std::ratio<10LL, 1'000LL>>::duration<uint32_t, void>(uint32_t const &)
   \                     _ZNSt6chrono8durationIjSt5ratioILx10ELx1000EEEC1IjvEERKT_: (+1)
   \        0x0   0x6809             LDR      R1,[R1, #+0]
   \        0x2   0x6001             STR      R1,[R0, #+0]
   \        0x4   0x4770             BX       LR

   \                                 In section .text, align 2
   \   __vfp __int64_t std::chrono::duration<__int64_t, std::milli>::count() const
   \                     _ZNKSt6chrono8durationIxSt5ratioILx1ELx1000EEE5countEv: (+1)
   \        0x0   0xE9D0 0x0100      LDRD     R0,R1,[R0, #+0]
   \        0x4   0x4770             BX       LR

   \                                 In section .text, align 2
   \   __vfp uint32_t std::chrono::duration<uint32_t, std::ratio<10LL, 1'000LL>>::count() const
   \                     _ZNKSt6chrono8durationIjSt5ratioILx10ELx1000EEE5countEv: (+1)
   \        0x0   0x6800             LDR      R0,[R0, #+0]
   \        0x2   0x4770             BX       LR

   \                                 In section .text, align 2
   \   __vfp void OsWrapper::RtosWrapper::wSleep(uint32_t)
   \                     _ZN9OsWrapper11RtosWrapper6wSleepEj: (+1)
   \        0x0   0xB580             PUSH     {R7,LR}
   \        0x2   0x.... 0x....      BL       vTaskDelay
   \        0x6   0xBD01             POP      {R0,PC}

   \                                 In section .text, align 2
   \   __vfp bool OsWrapper::RtosWrapper::wMailBoxGet(void * &, void *, uint32_t)
   \                     _ZN9OsWrapper11RtosWrapper11wMailBoxGetERPvS1_j: (+1)
   \        0x0   0xB580             PUSH     {R7,LR}
   \        0x2   0x2300             MOVS     R3,#+0
   \        0x4   0x6800             LDR      R0,[R0, #+0]
   \        0x6   0x.... 0x....      BL       xQueueGenericReceive
   \        0xA   0x2801             CMP      R0,#+1
   \        0xC   0xD101             BNE.N    ??wMailBoxGet_0
   \        0xE   0x2001             MOVS     R0,#+1
   \       0x10   0xE000             B.N      ??wMailBoxGet_1
   \                     ??wMailBoxGet_0: (+1)
   \       0x12   0x2000             MOVS     R0,#+0
   \                     ??wMailBoxGet_1: (+1)
   \       0x14   0xB2C0             UXTB     R0,R0
   \       0x16   0xBD02             POP      {R1,PC}

   \                                 In section .text, align 2
   \   __vfp void OsWrapper::IThread::Sleep(std::chrono::milliseconds)
   \                     _ZN9OsWrapper7IThread5SleepENSt6chrono8durationIxSt5ratioILx1ELx1000EEEE: (+1)
   \        0x0   0xB583             PUSH     {R0,R1,R7,LR}
   \        0x2   0xB082             SUB      SP,SP,#+8
   \        0x4   0xA802             ADD      R0,SP,#+8
   \        0x6   0x.... 0x....      BL       _ZNSt6chrono13duration_castINS_8durationIjSt5ratioILx10ELx1000EEEExS2_ILx1ELx1000EEEENSt9enable_ifIXsr3std6chrono12_Is_durationIT_EE5valueES7_E4typeERKNS1_IT0_T1_EE
   \        0xA   0x9000             STR      R0,[SP, #+0]
   \        0xC   0x4668             MOV      R0,SP
   \        0xE   0x.... 0x....      BL       _ZNKSt6chrono8durationIjSt5ratioILx10ELx1000EEE5countEv
   \       0x12   0x.... 0x....      BL       _ZN9OsWrapper11RtosWrapper6wSleepEj
   \       0x16   0xB005             ADD      SP,SP,#+20
   \       0x18   0xBD00             POP      {PC}

   \                                 In section .text, align 2
   \   __vfp bool OsWrapper::MailBox<bool, 1U>::Get(bool &, std::chrono::milliseconds)
   \                     _ZN9OsWrapper7MailBoxIbLj1EE3GetERbNSt6chrono8durationIxSt5ratioILx1ELx1000EEEE: (+1)
   \        0x0   0xB538             PUSH     {R3-R5,LR}
   \        0x2   0xB40F             PUSH     {R0-R3}
   \        0x4   0x0004             MOVS     R4,R0
   \        0x6   0x000D             MOVS     R5,R1
   \        0x8   0xA802             ADD      R0,SP,#+8
   \        0xA   0x.... 0x....      BL       _ZNSt6chrono13duration_castINS_8durationIjSt5ratioILx10ELx1000EEEExS2_ILx1ELx1000EEEENSt9enable_ifIXsr3std6chrono12_Is_durationIT_EE5valueES7_E4typeERKNS1_IT0_T1_EE
   \        0xE   0x9000             STR      R0,[SP, #+0]
   \       0x10   0x4668             MOV      R0,SP
   \       0x12   0x.... 0x....      BL       _ZNKSt6chrono8durationIjSt5ratioILx10ELx1000EEE5countEv
   \       0x16   0x0002             MOVS     R2,R0
   \       0x18   0x0029             MOVS     R1,R5
   \       0x1A   0x0020             MOVS     R0,R4
   \       0x1C   0x.... 0x....      BL       _ZN9OsWrapper11RtosWrapper11wMailBoxGetERPvS1_j
   \       0x20   0xB005             ADD      SP,SP,#+20
   \       0x22   0xBD30             POP      {R4,R5,PC}
      2          #include "mailbox.hpp"
      3          #include "ButtonTask.h"
      4          #include <iostream> // for std::cout, endl
      5          #include "LedManagerTask.hpp"
      6          

   \                                 In section .text, align 2, keep-with-next
      7          void LedManagerTask::Execute()
      8          {
   \                     _ZN14LedManagerTask7ExecuteEv: (+1)
   \        0x0   0xB51C             PUSH     {R2-R4,LR}
   \        0x2   0x0004             MOVS     R4,R0
      9            for (;;)
     10            {
     11              
     12              
     13              /*
     14              mLockCoutMutex.Lock();
     15              std::cout << "modeManagerTask: ";
     16              for (char i = 33; i <= 133; ++i)
     17              {
     18                std::cout << "modeManagerTask: " << i;
     19              }
     20              std::cout << std::endl;
     21              */
     22              
     23              bool isPressed = false;
   \                     ??Execute_0: (+1)
   \        0x4   0x2000             MOVS     R0,#+0
   \        0x6   0xF88D 0x0000      STRB     R0,[SP, #+0]
     24              if (mMailBox.Get(isPressed, mDelay))
   \        0xA   0xF514 0x608C      ADDS     R0,R4,#+1120
   \        0xE   0xE9D0 0x2300      LDRD     R2,R3,[R0, #+0]
   \       0x12   0x4669             MOV      R1,SP
   \       0x14   0xF8D4 0x046C      LDR      R0,[R4, #+1132]
   \       0x18   0x.... 0x....      BL       _ZN9OsWrapper7MailBoxIbLj1EE3GetERbNSt6chrono8durationIxSt5ratioILx1ELx1000EEEE
   \       0x1C   0x2800             CMP      R0,#+0
   \       0x1E   0xD00A             BEQ.N    ??Execute_1
     25              {  
     26                if (isPressed)
   \       0x20   0xF89D 0x0000      LDRB     R0,[SP, #+0]
   \       0x24   0x2800             CMP      R0,#+0
   \       0x26   0xD006             BEQ.N    ??Execute_1
     27                {
     28                  mMode.SetNextMode();
   \       0x28   0xF8D4 0x0468      LDR      R0,[R4, #+1128]
   \       0x2C   0xF8D4 0x1468      LDR      R1,[R4, #+1128]
   \       0x30   0x6809             LDR      R1,[R1, #+0]
   \       0x32   0x6849             LDR      R1,[R1, #+4]
   \       0x34   0x4788             BLX      R1
     29                }
     30              }
     31              mMode.Update();
   \                     ??Execute_1: (+1)
   \       0x36   0xF8D4 0x0468      LDR      R0,[R4, #+1128]
   \       0x3A   0xF8D4 0x1468      LDR      R1,[R4, #+1128]
   \       0x3E   0x6809             LDR      R1,[R1, #+0]
   \       0x40   0x6889             LDR      R1,[R1, #+8]
   \       0x42   0x4788             BLX      R1
     32              
     33              
     34              //mLockCoutMutex.UnLock();
     35              Sleep(mDelay);
   \       0x44   0xF514 0x628C      ADDS     R2,R4,#+1120
   \       0x48   0xE9D2 0x0100      LDRD     R0,R1,[R2, #+0]
   \       0x4C   0x.... 0x....      BL       _ZN9OsWrapper7IThread5SleepENSt6chrono8durationIxSt5ratioILx1ELx1000EEEE
   \       0x50   0xE7D8             B.N      ??Execute_0
     36            }
     37          }

   Maximum stack usage in bytes:

   .cstack Function
   ------- --------
      16   LedManagerTask::Execute()
        16   -- Indirect call
        16   -> OsWrapper::IThread::Sleep(std::chrono::milliseconds)
        16   -> OsWrapper::MailBox<bool, 1U>::Get(bool &, std::chrono::milliseconds)
      24   OsWrapper::IThread::Sleep(std::chrono::milliseconds)
        24   -> OsWrapper::RtosWrapper::wSleep(uint32_t)
        24   -> std::chrono::duration<uint32_t, std::ratio<10LL, 1'000LL>>::count() const
        24   -> std::chrono::duration_cast<OsWrapper::TicksPerSecond, __int64_t, std::milli>(std::chrono::duration<__int64_t, std::milli> const &)
      32   OsWrapper::MailBox<bool, 1U>::Get(bool &, std::chrono::milliseconds)
        32   -> OsWrapper::RtosWrapper::wMailBoxGet(void * &, void *, uint32_t)
        32   -> std::chrono::duration<uint32_t, std::ratio<10LL, 1'000LL>>::count() const
        32   -> std::chrono::duration_cast<OsWrapper::TicksPerSecond, __int64_t, std::milli>(std::chrono::duration<__int64_t, std::milli> const &)
       8   OsWrapper::RtosWrapper::wMailBoxGet(void * &, void *, uint32_t)
         8   -> xQueueGenericReceive
       8   OsWrapper::RtosWrapper::wSleep(uint32_t)
         8   -> vTaskDelay
       0   std::chrono::duration<__int64_t, std::milli>::count() const
       0   std::chrono::duration<uint32_t, std::ratio<10LL, 1'000LL>>::count() const
       0   std::chrono::duration<uint32_t, std::ratio<10LL, 1'000LL>>::duration<uint32_t, void>(uint32_t const &)
      16   std::chrono::duration_cast<OsWrapper::TicksPerSecond, __int64_t, std::milli>(std::chrono::duration<__int64_t, std::milli> const &)
        16   -> std::chrono::duration<__int64_t, std::milli>::count() const
        16   -> std::chrono::duration<uint32_t, std::ratio<10LL, 1'000LL>>::duration<uint32_t, void>(uint32_t const &)
        16 __aeabi_ldivmod


   Section sizes:

   Bytes  Function/Label
   -----  --------------
      82  LedManagerTask::Execute()
      26  OsWrapper::IThread::Sleep(std::chrono::milliseconds)
      36  OsWrapper::MailBox<bool, 1U>::Get(bool &, std::chrono::milliseconds)
      24  OsWrapper::RtosWrapper::wMailBoxGet(void * &, void *, uint32_t)
       8  OsWrapper::RtosWrapper::wSleep(uint32_t)
       6  std::chrono::duration<__int64_t, std::milli>::count() const
       4  std::chrono::duration<uint32_t, std::ratio<10LL, 1'000LL>>::count() const
       6  std::chrono::duration<uint32_t, std::ratio<10LL, 1'000LL>>::duration<uint32_t, void>(uint32_t const &)
      28  std::chrono::duration_cast<OsWrapper::TicksPerSecond, __int64_t, std::milli>(std::chrono::duration<__int64_t, std::milli> const &)
     184  -- Other

 
 184 bytes in section .rodata
 220 bytes in section .text
 
 82 bytes of CODE  memory (+ 138 bytes shared)
  0 bytes of CONST memory (+ 184 bytes shared)

Errors: none
Warnings: none
